Archive member included to satisfy reference by file (symbol)

app/libapp.a(main.c.obj)      (--whole-archive)
zephyr/libzephyr.a(cbprintf_packaged.c.obj)
                              (--whole-archive)
zephyr/libzephyr.a(crc32c_sw.c.obj)
                              (--whole-archive)
zephyr/libzephyr.a(crc32_sw.c.obj)
                              (--whole-archive)
zephyr/libzephyr.a(crc16_sw.c.obj)
                              (--whole-archive)
zephyr/libzephyr.a(crc8_sw.c.obj)
                              (--whole-archive)
zephyr/libzephyr.a(crc7_sw.c.obj)
                              (--whole-archive)
zephyr/libzephyr.a(dec.c.obj)
                              (--whole-archive)
zephyr/libzephyr.a(fdtable.c.obj)
                              (--whole-archive)
zephyr/libzephyr.a(hex.c.obj)
                              (--whole-archive)
zephyr/libzephyr.a(notify.c.obj)
                              (--whole-archive)
zephyr/libzephyr.a(printk.c.obj)
                              (--whole-archive)
zephyr/libzephyr.a(onoff.c.obj)
                              (--whole-archive)
zephyr/libzephyr.a(rb.c.obj)  (--whole-archive)
zephyr/libzephyr.a(sem.c.obj)
                              (--whole-archive)
zephyr/libzephyr.a(thread_entry.c.obj)
                              (--whole-archive)
zephyr/libzephyr.a(timeutil.c.obj)
                              (--whole-archive)
zephyr/libzephyr.a(heap.c.obj)
                              (--whole-archive)
zephyr/libzephyr.a(heap-validate.c.obj)
                              (--whole-archive)
zephyr/libzephyr.a(bitarray.c.obj)
                              (--whole-archive)
zephyr/libzephyr.a(multi_heap.c.obj)
                              (--whole-archive)
zephyr/libzephyr.a(cbprintf_complete.c.obj)
                              (--whole-archive)
zephyr/libzephyr.a(cbprintf.c.obj)
                              (--whole-archive)
zephyr/libzephyr.a(assert.c.obj)
                              (--whole-archive)
zephyr/libzephyr.a(mpsc_pbuf.c.obj)
                              (--whole-archive)
zephyr/libzephyr.a(configs.c.obj)
                              (--whole-archive)
zephyr/libzephyr.a(soc_nrf_common.S.obj)
                              (--whole-archive)
zephyr/libzephyr.a(validate_base_addresses.c.obj)
                              (--whole-archive)
zephyr/libzephyr.a(validate_enabled_instances.c.obj)
                              (--whole-archive)
zephyr/libzephyr.a(thread_info.c.obj)
                              (--whole-archive)
zephyr/libzephyr.a(log_core.c.obj)
                              (--whole-archive)
zephyr/libzephyr.a(log_mgmt.c.obj)
                              (--whole-archive)
zephyr/libzephyr.a(log_msg.c.obj)
                              (--whole-archive)
zephyr/libzephyr.a(log_output.c.obj)
                              (--whole-archive)
zephyr/libzephyr.a(log_backend_uart.c.obj)
                              (--whole-archive)
zephyr/libzephyr.a(log_backend_rtt.c.obj)
                              (--whole-archive)
zephyr/libzephyr.a(pm.c.obj)  (--whole-archive)
zephyr/libzephyr.a(policy.c.obj)
                              (--whole-archive)
zephyr/libzephyr.a(state.c.obj)
                              (--whole-archive)
zephyr/libzephyr.a(tracing_none.c.obj)
                              (--whole-archive)
zephyr/arch/common/libarch__common.a(sw_isr_common.c.obj)
                              (--whole-archive)
zephyr/arch/arch/arm/core/aarch32/libarch__arm__core__aarch32.a(cpu_idle.S.obj)
                              (--whole-archive)
zephyr/arch/arch/arm/core/aarch32/libarch__arm__core__aarch32.a(fatal.c.obj)
                              (--whole-archive)
zephyr/arch/arch/arm/core/aarch32/libarch__arm__core__aarch32.a(irq_manage.c.obj)
                              (--whole-archive)
zephyr/arch/arch/arm/core/aarch32/libarch__arm__core__aarch32.a(nmi.c.obj)
                              (--whole-archive)
zephyr/arch/arch/arm/core/aarch32/libarch__arm__core__aarch32.a(nmi_on_reset.S.obj)
                              (--whole-archive)
zephyr/arch/arch/arm/core/aarch32/libarch__arm__core__aarch32.a(prep_c.c.obj)
                              (--whole-archive)
zephyr/arch/arch/arm/core/aarch32/libarch__arm__core__aarch32.a(swap.c.obj)
                              (--whole-archive)
zephyr/arch/arch/arm/core/aarch32/libarch__arm__core__aarch32.a(swap_helper.S.obj)
                              (--whole-archive)
zephyr/arch/arch/arm/core/aarch32/libarch__arm__core__aarch32.a(thread.c.obj)
                              (--whole-archive)
zephyr/arch/arch/arm/core/aarch32/libarch__arm__core__aarch32.a(isr_wrapper.S.obj)
                              (--whole-archive)
zephyr/arch/arch/arm/core/aarch32/cortex_m/libarch__arm__core__aarch32__cortex_m.a(exc_exit.S.obj)
                              (--whole-archive)
zephyr/arch/arch/arm/core/aarch32/cortex_m/libarch__arm__core__aarch32__cortex_m.a(fault.c.obj)
[...]
Memory Configuration

Name             Origin             Length             Attributes
FLASH            0x0000000000000000 0x0000000000080000 xr
SRAM             0x0000000020000000 0x0000000000010000 xw
IDT_LIST         0x00000000fffff7ff 0x0000000000000800 xw
*default*        0x0000000000000000 0xffffffffffffffff

Linker script and memory map

LOAD zephyr/CMakeFiles/zephyr_final.dir/misc/empty_file.c.obj
LOAD zephyr/CMakeFiles/zephyr_final.dir/dev_handles.c.obj
LOAD zephyr/CMakeFiles/zephyr_final.dir/isr_tables.c.obj
                0x0000000000000020                _region_min_align = 0x20

.rel.plt        0x0000000000000000        0x0
 *(SORT_BY_ALIGNMENT(.rel.plt))
                [!provide]                        PROVIDE (__rel_iplt_start = .)
 *(SORT_BY_ALIGNMENT(.rel.iplt))
 .rel.iplt      0x0000000000000000        0x0 zephyr/CMakeFiles/zephyr_final.dir/isr_tables.c.obj
                [!provide]                        PROVIDE (__rel_iplt_end = .)

.rela.plt       0x0000000000000000        0x0
 *(SORT_BY_ALIGNMENT(.rela.plt))
                [!provide]                        PROVIDE (__rela_iplt_start = .)
 *(SORT_BY_ALIGNMENT(.rela.iplt))
                [!provide]                        PROVIDE (__rela_iplt_end = .)

.rel.dyn
 *(SORT_BY_ALIGNMENT(.rel.*))

.rela.dyn
 *(SORT_BY_ALIGNMENT(.rela.*))

/DISCARD/
 *(SORT_BY_ALIGNMENT(.plt))
 *(SORT_BY_ALIGNMENT(.iplt))
 *(SORT_BY_ALIGNMENT(.got.plt))
 *(SORT_BY_ALIGNMENT(.igot.plt))
 *(SORT_BY_ALIGNMENT(.got))
 *(SORT_BY_ALIGNMENT(.igot))
 *(SORT_BY_ALIGNMENT(.irq_info*))
 *(SORT_BY_ALIGNMENT(.intList*))
 *(SORT_BY_ALIGNMENT(.note.GNU-stack))
                0x0000000000000000                __rom_region_start = 0x0

rom_start       0x0000000000000000       0xdc
                0x0000000000000000                . = 0x0
                0x0000000000000000                . = ALIGN (0x4)
                0x0000000000000000                . = ALIGN (0x80)
                0x0000000000000000                . = ALIGN (0x100)
                0x0000000000000000                _vector_start = .
 *(SORT_BY_ALIGNMENT(.exc_vector_table))
 *(SORT_BY_ALIGNMENT(.exc_vector_table.*))
 .exc_vector_table._vector_table_section
                0x0000000000000000       0x40 zephyr/arch/arch/arm/core/aarch32/cortex_m/libarch__arm__core__aarch32__cortex_m.a(vector_table.S.obj)
                0x0000000000000000                _vector_table
 *(SORT_BY_ALIGNMENT(.vectors))
                0x00000000000000dc                _vector_end = .
                0x0000000000000040                . = ALIGN (0x4)
 *(SORT_BY_ALIGNMENT(.gnu.linkonce.irq_vector_table*))
 .gnu.linkonce.irq_vector_table
                0x0000000000000040       0x9c zephyr/CMakeFiles/zephyr_final.dir/isr_tables.c.obj
                0x0000000000000040                _irq_vector_table
                0x00000000000000dc                _vector_end = .

text            0x00000000000000dc     0xdd7a
                0x00000000000000dc                __text_region_start = .
 *(SORT_BY_ALIGNMENT(.text))
 .text          0x00000000000000dc       0x30 /home/mgraf/ncs/toolchains/v2.1.0/opt/zephyr-sdk/arm-zephyr-eabi/bin/../lib/gcc/arm-zephyr-eabi/10.3.0/thumb/v7e-m/nofp/libgcc.a(_aeabi_uldivmod.o)
                0x00000000000000dc                __aeabi_uldivmod
 .text          0x000000000000010c        0x4 /home/mgraf/ncs/toolchains/v2.1.0/opt/zephyr-sdk/arm-zephyr-eabi/bin/../lib/gcc/arm-zephyr-eabi/10.3.0/thumb/v7e-m/nofp/libgcc.a(_dvmd_tls.o)
                0x000000000000010c                __aeabi_ldiv0
                0x000000000000010c                __aeabi_idiv0
 .text          0x0000000000000110      0x2a6 /home/mgraf/ncs/toolchains/v2.1.0/opt/zephyr-sdk/arm-zephyr-eabi/bin/../lib/gcc/arm-zephyr-eabi/10.3.0/thumb/v7e-m/nofp/libgcc.a(_udivmoddi4.o)
                0x0000000000000110                __udivmoddi4
 *(SORT_BY_ALIGNMENT(.text.*))
 *fill*         0x00000000000003b6        0x2 
 .text.main     0x00000000000003b8      0x38c app/libapp.a(main.c.obj)
                0x00000000000003b8                main
 .text.cbprintf_package_convert
                0x0000000000000744      0x318 zephyr/libzephyr.a(cbprintf_packaged.c.obj)
                0x0000000000000744                cbprintf_package_convert
 .text.char_out
                0x0000000000000a5c       0x10 zephyr/libzephyr.a(printk.c.obj)
 .text.__printk_hook_install
                0x0000000000000a6c        0xc zephyr/libzephyr.a(printk.c.obj)
                0x0000000000000a6c                __printk_hook_install
 .text.vprintk  0x0000000000000a78       0x1c zephyr/libzephyr.a(printk.c.obj)
                0x0000000000000a78                vprintk
 .text.vsnprintk
                0x0000000000000a94       0x30 zephyr/libzephyr.a(printk.c.obj)
                0x0000000000000a94                vsnprintk
 .text.process_event
                0x0000000000000ac4      0x158 zephyr/libzephyr.a(onoff.c.obj)
 .text.extract_conversion
                0x0000000000000c1c      0x314 zephyr/libzephyr.a(cbprintf_complete.c.obj)
 .text.z_cbvprintf_impl
                0x0000000000000f30      0x5d0 zephyr/libzephyr.a(cbprintf_complete.c.obj)
                0x0000000000000f30                z_cbvprintf_impl
 .text.z_arm_platform_init
                0x0000000000001500        0x4 zephyr/libzephyr.a(soc_nrf_common.S.obj)
                0x0000000000001500                z_arm_platform_init
 .text.msg_process
                0x0000000000001504       0x4c zephyr/libzephyr.a(log_core.c.obj)
 .text.log_backend_notify_all
                0x0000000000001550       0x3c zephyr/libzephyr.a(log_core.c.obj)
 .text.activate_foreach_backend
                0x000000000000158c       0x64 zephyr/libzephyr.a(log_core.c.obj)
 .text.z_log_init
                0x00000000000015f0       0xb8 zephyr/libzephyr.a(log_core.c.obj)
 .text.thread_set
                0x00000000000016a8       0x28 zephyr/libzephyr.a(log_core.c.obj)
 .text.log_process_thread_timer_expiry_fn
                0x00000000000016d0       0x10 zephyr/libzephyr.a(log_core.c.obj)
 .text.enable_logger
                0x00000000000016e0       0x5c zephyr/libzephyr.a(log_core.c.obj)
 .text.log_format_func_t_get
                0x000000000000173c        0xc zephyr/libzephyr.a(log_core.c.obj)
                0x000000000000173c                log_format_func_t_get
 .text.log_set_timestamp_func
                0x0000000000001748       0x1c zephyr/libzephyr.a(log_core.c.obj)
                0x0000000000001748                log_set_timestamp_func
 .text.z_log_notify_backend_enabled
                0x0000000000001764       0x20 zephyr/libzephyr.a(log_core.c.obj)
                0x0000000000001764                z_log_notify_backend_enabled
 .text.z_log_dropped
                0x0000000000001784       0x40 zephyr/libzephyr.a(log_core.c.obj)
                0x0000000000001784                z_log_dropped
 .text.z_log_dropped_read_and_clear
                0x00000000000017c4       0x20 zephyr/libzephyr.a(log_core.c.obj)
                0x00000000000017c4                z_log_dropped_read_and_clear
 .text.dropped_notify
                0x00000000000017e4       0x44 zephyr/libzephyr.a(log_core.c.obj)
                0x00000000000017e4                dropped_notify
 .text.z_log_dropped_pending
                0x0000000000001828       0x14 zephyr/libzephyr.a(log_core.c.obj)
                0x0000000000001828                z_log_dropped_pending
 .text.z_log_msg_init
                0x000000000000183c       0x14 zephyr/libzephyr.a(log_core.c.obj)
                0x000000000000183c                z_log_msg_init
 .text.log_core_init
                0x0000000000001850       0x28 zephyr/libzephyr.a(log_core.c.obj)
                0x0000000000001850                log_core_init
 .text.z_log_msg_alloc
                0x0000000000001878       0x14 zephyr/libzephyr.a(log_core.c.obj)
                0x0000000000001878                z_log_msg_alloc
 .text.z_log_msg_claim
                0x000000000000188c       0x10 zephyr/libzephyr.a(log_core.c.obj)
                0x000000000000188c                z_log_msg_claim
 .text.z_log_msg_free
                0x000000000000189c       0x10 zephyr/libzephyr.a(log_core.c.obj)
                0x000000000000189c                z_log_msg_free
 .text.z_log_msg_pending
                0x00000000000018ac       0x10 zephyr/libzephyr.a(log_core.c.obj)
                0x00000000000018ac                z_log_msg_pending
 .text.z_impl_log_process
                0x00000000000018bc       0x50 zephyr/libzephyr.a(log_core.c.obj)
                0x00000000000018bc                z_impl_log_process
 .text.z_impl_log_panic
                0x000000000000190c       0x5c zephyr/libzephyr.a(log_core.c.obj)
                0x000000000000190c                z_impl_log_panic
 .text.z_log_msg_post_finalize
                0x0000000000001968       0x88 zephyr/libzephyr.a(log_core.c.obj)
 .text.z_log_msg_commit
                0x00000000000019f0       0x24 zephyr/libzephyr.a(log_core.c.obj)
                0x00000000000019f0                z_log_msg_commit
 .text.log_process_thread_func
                0x0000000000001a14       0x70 zephyr/libzephyr.a(log_core.c.obj)
 .text.log_source_name_get
                0x0000000000001a84       0x20 zephyr/libzephyr.a(log_mgmt.c.obj)
                0x0000000000001a84                log_source_name_get
 .text.log_backend_enable
                0x0000000000001aa4       0x24 zephyr/libzephyr.a(log_mgmt.c.obj)
                0x0000000000001aa4                log_backend_enable
 .text.z_impl_z_log_msg_static_create
                0x0000000000001ac8       0xac zephyr/libzephyr.a(log_msg.c.obj)
                0x0000000000001ac8                z_impl_z_log_msg_static_create
 .text.print_formatted
                0x0000000000001b74       0x28 zephyr/libzephyr.a(log_output.c.obj)
 .text.timestamp_print
                0x0000000000001b9c       0x8c zephyr/libzephyr.a(log_output.c.obj)
 .text.color_print
                0x0000000000001c28       0x2c zephyr/libzephyr.a(log_output.c.obj)
 .text.ids_print
                0x0000000000001c54       0x74 zephyr/libzephyr.a(log_output.c.obj)
 .text.prefix_print
                0x0000000000001cc8       0x74 zephyr/libzephyr.a(log_output.c.obj)
 .text.newline_print
                0x0000000000001d3c       0x28 zephyr/libzephyr.a(log_output.c.obj)
 .text.hexdump_line_print
                0x0000000000001d64       0xbc zephyr/libzephyr.a(log_output.c.obj)
 .text.log_output_process
                0x0000000000001e20       0x78 zephyr/libzephyr.a(log_output.c.obj)
                0x0000000000001e20                log_output_process
 .text.log_output_msg_process
                0x0000000000001e98       0x6c zephyr/libzephyr.a(log_output.c.obj)
                0x0000000000001e98                log_output_msg_process
 .text.log_output_dropped_process
                0x0000000000001f04       0x58 zephyr/libzephyr.a(log_output.c.obj)
                0x0000000000001f04                log_output_dropped_process
 .text.log_output_timestamp_freq_set
                0x0000000000001f5c       0x2c zephyr/libzephyr.a(log_output.c.obj)
                0x0000000000001f5c                log_output_timestamp_freq_set
 .text.char_out
                0x0000000000001f88       0x24 zephyr/libzephyr.a(log_backend_uart.c.obj)
 .text.format_set
                0x0000000000001fac        0xc zephyr/libzephyr.a(log_backend_uart.c.obj)
 .text.log_backend_uart_init
                0x0000000000001fb8       0x10 zephyr/libzephyr.a(log_backend_uart.c.obj)
 .text.panic    0x0000000000001fc8       0x18 zephyr/libzephyr.a(log_backend_uart.c.obj)
 .text.dropped  0x0000000000001fe0       0x10 zephyr/libzephyr.a(log_backend_uart.c.obj)
 .text.process  0x0000000000001ff0       0x20 zephyr/libzephyr.a(log_backend_uart.c.obj)
 .text.log_backend_rtt_init
                0x0000000000002010       0x1c zephyr/libzephyr.a(log_backend_rtt.c.obj)
 .text.format_set
                0x000000000000202c        0xc zephyr/libzephyr.a(log_backend_rtt.c.obj)
 .text.on_failed_write
                0x0000000000002038       0x30 zephyr/libzephyr.a(log_backend_rtt.c.obj)
 .text.on_write
                0x0000000000002068       0x38 zephyr/libzephyr.a(log_backend_rtt.c.obj)
 .text.data_out_block_mode
                0x00000000000020a0       0x70 zephyr/libzephyr.a(log_backend_rtt.c.obj)
 .text.panic    0x0000000000002110       0x18 zephyr/libzephyr.a(log_backend_rtt.c.obj)
 .text.dropped  0x0000000000002128       0x10 zephyr/libzephyr.a(log_backend_rtt.c.obj)
 .text.process  0x0000000000002138       0x20 zephyr/libzephyr.a(log_backend_rtt.c.obj)
 .text.pm_system_resume
                0x0000000000002158       0xc0 zephyr/libzephyr.a(pm.c.obj)
                0x0000000000002158                pm_system_resume
 .text.pm_system_suspend
                0x0000000000002218      0x15c zephyr/libzephyr.a(pm.c.obj)
                0x0000000000002218                pm_system_suspend
 .text.pm_policy_next_state
                0x0000000000002374       0x98 zephyr/libzephyr.a(policy.c.obj)
                0x0000000000002374                pm_policy_next_state
 .text.pm_state_cpu_get_all
                0x000000000000240c       0x10 zephyr/libzephyr.a(state.c.obj)
                0x000000000000240c                pm_state_cpu_get_all
 .text.z_arm_cpu_idle_init
                0x000000000000241c        0xc zephyr/arch/arch/arm/core/aarch32/libarch__arm__core__aarch32.a(cpu_idle.S.obj)
                0x000000000000241c                z_arm_cpu_idle_init
 .text.arch_cpu_idle
                0x0000000000002428       0x1c zephyr/arch/arch/arm/core/aarch32/libarch__arm__core__aarch32.a(cpu_idle.S.obj)
                0x0000000000002428                arch_cpu_idle
 .text.arch_cpu_atomic_idle
                0x0000000000002444       0x14 zephyr/arch/arch/arm/core/aarch32/libarch__arm__core__aarch32.a(cpu_idle.S.obj)
                0x0000000000002444                arch_cpu_atomic_idle
 .text.esf_dump
                0x0000000000002458      0x244 zephyr/arch/arch/arm/core/aarch32/libarch__arm__core__aarch32.a(fatal.c.obj)
 .text.arch_irq_enable
                0x000000000000269c       0x1c zephyr/arch/arch/arm/core/aarch32/libarch__arm__core__aarch32.a(irq_manage.c.obj)
                0x000000000000269c                arch_irq_enable
 .text.arch_irq_disable
                0x00000000000026b8       0x28 zephyr/arch/arch/arm/core/aarch32/libarch__arm__core__aarch32.a(irq_manage.c.obj)
                0x00000000000026b8                arch_irq_disable
 .text.arch_irq_is_enabled
                0x00000000000026e0       0x1c zephyr/arch/arch/arm/core/aarch32/libarch__arm__core__aarch32.a(irq_manage.c.obj)
                0x00000000000026e0                arch_irq_is_enabled
 .text.z_arm_irq_priority_set
                0x00000000000026fc       0x2c zephyr/arch/arch/arm/core/aarch32/libarch__arm__core__aarch32.a(irq_manage.c.obj)
                0x00000000000026fc                z_arm_irq_priority_set
 .text.z_SysNmiOnReset
                0x0000000000002728        0x8 zephyr/arch/arch/arm/core/aarch32/libarch__arm__core__aarch32.a(nmi_on_reset.S.obj)
                0x0000000000002728                z_SysNmiOnReset
 .text.z_arm_prep_c
                0x0000000000002730       0x48 zephyr/arch/arch/arm/core/aarch32/libarch__arm__core__aarch32.a(prep_c.c.obj)
                0x0000000000002730                z_arm_prep_c
 .text.arch_swap
                0x0000000000002778       0x38 zephyr/arch/arch/arm/core/aarch32/libarch__arm__core__aarch32.a(swap.c.obj)
                0x0000000000002778                arch_swap
 .text.z_arm_pendsv
                0x00000000000027b0       0x58 zephyr/arch/arch/arm/core/aarch32/libarch__arm__core__aarch32.a(swap_helper.S.obj)
                0x00000000000027b0                z_arm_pendsv
 .text.z_arm_svc
                0x0000000000002808       0x20 zephyr/arch/arch/arm/core/aarch32/libarch__arm__core__aarch32.a(swap_helper.S.obj)
                0x0000000000002808                z_arm_svc
 .text.arch_new_thread
                0x0000000000002828       0x44 zephyr/arch/arch/arm/core/aarch32/libarch__arm__core__aarch32.a(thread.c.obj)
                0x0000000000002828                arch_new_thread
 .text.z_check_thread_stack_fail
                0x000000000000286c       0x50 zephyr/arch/arch/arm/core/aarch32/libarch__arm__core__aarch32.a(thread.c.obj)
                0x000000000000286c                z_check_thread_stack_fail
 .text.arch_switch_to_main_thread
                0x00000000000028bc       0x2c zephyr/arch/arch/arm/core/aarch32/libarch__arm__core__aarch32.a(thread.c.obj)
                0x00000000000028bc                arch_switch_to_main_thread
 .text._isr_wrapper
                0x00000000000028e8       0x40 zephyr/arch/arch/arm/core/aarch32/libarch__arm__core__aarch32.a(isr_wrapper.S.obj)
                0x00000000000028e8                _isr_wrapper
 .text._HandlerModeExit
                0x0000000000002928       0x1c zephyr/arch/arch/arm/core/aarch32/cortex_m/libarch__arm__core__aarch32__cortex_m.a(exc_exit.S.obj)
                0x0000000000002928                z_arm_exc_exit
                0x0000000000002928                z_arm_int_exit
 .text.bus_fault
                0x0000000000002944      0x320 zephyr/arch/arch/arm/core/aarch32/cortex_m/libarch__arm__core__aarch32__cortex_m.a(fault.c.obj)
 .text.usage_fault
                0x0000000000002c64      0x294 zephyr/arch/arch/arm/core/aarch32/cortex_m/libarch__arm__core__aarch32__cortex_m.a(fault.c.obj)
 .text.debug_monitor
                0x0000000000002ef8       0x60 zephyr/arch/arch/arm/core/aarch32/cortex_m/libarch__arm__core__aarch32__cortex_m.a(fault.c.obj)
 .text.reserved_exception
                0x0000000000002f58       0xd8 zephyr/arch/arch/arm/core/aarch32/cortex_m/libarch__arm__core__aarch32__cortex_m.a(fault.c.obj)
 .text.mem_manage_fault
                0x0000000000003030      0x31c zephyr/arch/arch/arm/core/aarch32/cortex_m/libarch__arm__core__aarch32__cortex_m.a(fault.c.obj)
 .text.hard_fault
                0x000000000000334c      0x238 zephyr/arch/arch/arm/core/aarch32/cortex_m/libarch__arm__core__aarch32__cortex_m.a(fault.c.obj)
 .text.z_arm_fault
                0x0000000000003584       0xe8 zephyr/arch/arch/arm/core/aarch32/cortex_m/libarch__arm__core__aarch32__cortex_m.a(fault.c.obj)
                0x0000000000003584                z_arm_fault
 .text.z_arm_fault_init
                0x000000000000366c       0x10 zephyr/arch/arch/arm/core/aarch32/cortex_m/libarch__arm__core__aarch32__cortex_m.a(fault.c.obj)
                0x000000000000366c                z_arm_fault_init
 .text.__fault  0x000000000000367c       0x14 zephyr/arch/arch/arm/core/aarch32/cortex_m/libarch__arm__core__aarch32__cortex_m.a(fault_s.S.obj)
                0x000000000000367c                z_arm_bus_fault
                0x000000000000367c                z_arm_usage_fault
                0x000000000000367c                z_arm_mpu_fault
                0x000000000000367c                z_arm_exc_spurious
                0x000000000000367c                z_arm_debug_monitor
                0x000000000000367c                z_arm_hard_fault
 .text.z_arm_interrupt_init
                0x0000000000003690       0x34 zephyr/arch/arch/arm/core/aarch32/cortex_m/libarch__arm__core__aarch32__cortex_m.a(irq_init.c.obj)
                0x0000000000003690                z_arm_interrupt_init
 .text._reset_section
                0x00000000000036c4       0x38 zephyr/arch/arch/arm/core/aarch32/cortex_m/libarch__arm__core__aarch32__cortex_m.a(reset.S.obj)
                0x00000000000036c4                z_arm_reset
                0x00000000000036c4                __start
 .text.z_impl_k_thread_abort
                0x00000000000036fc       0x34 zephyr/arch/arch/arm/core/aarch32/cortex_m/libarch__arm__core__aarch32__cortex_m.a(thread_abort.c.obj)
                0x00000000000036fc                z_impl_k_thread_abort
 .text.z_arm_configure_static_mpu_regions
                0x0000000000003730       0x1c zephyr/arch/arch/arm/core/aarch32/mpu/libarch__arm__core__aarch32__mpu.a(arm_core_mpu.c.obj)
                0x0000000000003730                z_arm_configure_static_mpu_regions
 .text.z_arm_configure_dynamic_mpu_regions
                0x000000000000374c       0x24 zephyr/arch/arch/arm/core/aarch32/mpu/libarch__arm__core__aarch32__mpu.a(arm_core_mpu.c.obj)
                0x000000000000374c                z_arm_configure_dynamic_mpu_regions
 .text.region_init
                0x0000000000003770       0x28 zephyr/arch/arch/arm/core/aarch32/mpu/libarch__arm__core__aarch32__mpu.a(arm_mpu.c.obj)
 .text.region_allocate_and_init
                0x0000000000003798       0x9c zephyr/arch/arch/arm/core/aarch32/mpu/libarch__arm__core__aarch32__mpu.a(arm_mpu.c.obj)
 .text.mpu_configure_regions
                0x0000000000003834       0xd8 zephyr/arch/arch/arm/core/aarch32/mpu/libarch__arm__core__aarch32__mpu.a(arm_mpu.c.obj)
 .text.mpu_configure_static_mpu_regions
                0x000000000000390c       0x14 zephyr/arch/arch/arm/core/aarch32/mpu/libarch__arm__core__aarch32__mpu.a(arm_mpu.c.obj)
 .text.mpu_configure_dynamic_mpu_regions
                0x0000000000003920       0x34 zephyr/arch/arch/arm/core/aarch32/mpu/libarch__arm__core__aarch32__mpu.a(arm_mpu.c.obj)
 .text.arm_core_mpu_enable
                0x0000000000003954       0x18 zephyr/arch/arch/arm/core/aarch32/mpu/libarch__arm__core__aarch32__mpu.a(arm_mpu.c.obj)
                0x0000000000003954                arm_core_mpu_enable
 .text.arm_core_mpu_disable
                0x000000000000396c       0x14 zephyr/arch/arch/arm/core/aarch32/mpu/libarch__arm__core__aarch32__mpu.a(arm_mpu.c.obj)
                0x000000000000396c                arm_core_mpu_disable
 .text.z_arm_mpu_init
                0x0000000000003980       0x44 zephyr/arch/arch/arm/core/aarch32/mpu/libarch__arm__core__aarch32__mpu.a(arm_mpu.c.obj)
                0x0000000000003980                z_arm_mpu_init
 .text.__stdout_hook_install
                0x00000000000039c4        0xc zephyr/lib/libc/minimal/liblib__libc__minimal.a(stdout_console.c.obj)
                0x00000000000039c4                __stdout_hook_install
 .text.nordicsemi_nrf52_init
                0x00000000000039d0       0x30 zephyr/soc/arm/nordic_nrf/nrf52/libsoc__arm__nordic_nrf__nrf52.a(soc.c.obj)
 .text.arch_busy_wait
                0x0000000000003a00       0x18 zephyr/soc/arm/nordic_nrf/nrf52/libsoc__arm__nordic_nrf__nrf52.a(soc.c.obj)
                0x0000000000003a00                arch_busy_wait
 .text.get_hf_flags
                0x0000000000003a18        0x8 zephyr/drivers/clock_control/libdrivers__clock_control.a(clock_control_nrf.c.obj)
 .text.get_subsys
                0x0000000000003a20       0x18 zephyr/drivers/clock_control/libdrivers__clock_control.a(clock_control_nrf.c.obj)
 .text.onoff_stop
                0x0000000000003a38       0x20 zephyr/drivers/clock_control/libdrivers__clock_control.a(clock_control_nrf.c.obj)
 .text.onoff_start
                0x0000000000003a58       0x34 zephyr/drivers/clock_control/libdrivers__clock_control.a(clock_control_nrf.c.obj)
 .text.clock_event_handler
                0x0000000000003a8c       0x34 zephyr/drivers/clock_control/libdrivers__clock_control.a(clock_control_nrf.c.obj)
 .text.generic_hfclk_start
                0x0000000000003ac0       0x68 zephyr/drivers/clock_control/libdrivers__clock_control.a(clock_control_nrf.c.obj)
 .text.generic_hfclk_stop
                0x0000000000003b28       0x30 zephyr/drivers/clock_control/libdrivers__clock_control.a(clock_control_nrf.c.obj)
 .text.api_blocking_start
                0x0000000000003b58       0x3c zephyr/drivers/clock_control/libdrivers__clock_control.a(clock_control_nrf.c.obj)
 .text.lfclk_start
                0x0000000000003b94       0x24 zephyr/drivers/clock_control/libdrivers__clock_control.a(clock_control_nrf.c.obj)
 .text.clk_init
                0x0000000000003bb8       0x60 zephyr/drivers/clock_control/libdrivers__clock_control.a(clock_control_nrf.c.obj)
 .text.lfclk_spinwait
                0x0000000000003c18       0xe4 zephyr/drivers/clock_control/libdrivers__clock_control.a(clock_control_nrf.c.obj)
 .text.z_nrf_clock_control_lf_on
                0x0000000000003cfc       0x54 zephyr/drivers/clock_control/libdrivers__clock_control.a(clock_control_nrf.c.obj)
                0x0000000000003cfc                z_nrf_clock_control_lf_on
 .text.console_out
                0x0000000000003d50       0x2c zephyr/drivers/console/libdrivers__console.a(uart_console.c.obj)
 .text.uart_console_hook_install
                0x0000000000003d7c       0x18 zephyr/drivers/console/libdrivers__console.a(uart_console.c.obj)
 .text.uart_console_init
                0x0000000000003d94       0x24 zephyr/drivers/console/libdrivers__console.a(uart_console.c.obj)
 .text.get_dev  0x0000000000003db8       0x10 zephyr/drivers/gpio/libdrivers__gpio.a(gpio_nrfx.c.obj)
 .text.gpio_nrfx_pin_interrupt_configure
                0x0000000000003dc8       0xbc zephyr/drivers/gpio/libdrivers__gpio.a(gpio_nrfx.c.obj)
 .text.gpio_nrfx_pin_configure
                0x0000000000003e84      0x114 zephyr/drivers/gpio/libdrivers__gpio.a(gpio_nrfx.c.obj)
 .text.gpio_nrfx_init
                0x0000000000003f98       0x3c zephyr/drivers/gpio/libdrivers__gpio.a(gpio_nrfx.c.obj)
 .text.configure
                0x0000000000003fd4      0x3c8 zephyr/drivers/spi/libdrivers__spi.a(spi_nrfx_spi.c.obj)
 .text.spi_context_cs_configure_all
                0x000000000000439c      0x138 zephyr/drivers/spi/libdrivers__spi.a(spi_nrfx_spi.c.obj)
 .text.transfer_next_chunk
                0x00000000000044d4       0xe4 zephyr/drivers/spi/libdrivers__spi.a(spi_nrfx_spi.c.obj)
 .text.transceive
                0x00000000000045b8      0x1dc zephyr/drivers/spi/libdrivers__spi.a(spi_nrfx_spi.c.obj)
 .text.event_handler
                0x0000000000004794      0x15c zephyr/drivers/spi/libdrivers__spi.a(spi_nrfx_spi.c.obj)
 .text.timer_callback
                0x00000000000048f0       0x10 zephyr/drivers/lora/libloramac-node.a(hal_common.c.obj)
 .text.RtcGetTimerElapsedTime
                0x0000000000004900       0x40 zephyr/drivers/lora/libloramac-node.a(hal_common.c.obj)
                0x0000000000004900                RtcGetTimerElapsedTime
 .text.RtcStopAlarm
                0x0000000000004940       0x10 zephyr/drivers/lora/libloramac-node.a(hal_common.c.obj)
                0x0000000000004940                RtcStopAlarm
 .text.RtcSetAlarm
                0x0000000000004950       0x3c zephyr/drivers/lora/libloramac-node.a(hal_common.c.obj)
                0x0000000000004950                RtcSetAlarm
 .text.RtcSetTimerContext
                0x000000000000498c       0x3c zephyr/drivers/lora/libloramac-node.a(hal_common.c.obj)
                0x000000000000498c                RtcSetTimerContext
 .text.RtcGetTimerContext
                0x00000000000049c8        0xc zephyr/drivers/lora/libloramac-node.a(hal_common.c.obj)
                0x00000000000049c8                RtcGetTimerContext
 .text.modem_release
                0x00000000000049d4       0x50 zephyr/drivers/lora/libloramac-node.a(sx12xx_common.c.obj)
 .text.sx12xx_ev_rx_done
                0x0000000000004a24       0xb4 zephyr/drivers/lora/libloramac-node.a(sx12xx_common.c.obj)
 .text.sx12xx_ev_tx_done
                0x0000000000004ad8       0x1c zephyr/drivers/lora/libloramac-node.a(sx12xx_common.c.obj)
 .text.sx12xx_lora_send_async
                0x0000000000004af4       0x4c zephyr/drivers/lora/libloramac-node.a(sx12xx_common.c.obj)
                0x0000000000004af4                sx12xx_lora_send_async
 .text.sx12xx_lora_send
                0x0000000000004b40      0x1b0 zephyr/drivers/lora/libloramac-node.a(sx12xx_common.c.obj)
                0x0000000000004b40                sx12xx_lora_send
 .text.sx12xx_lora_recv
                0x0000000000004cf0      0x110 zephyr/drivers/lora/libloramac-node.a(sx12xx_common.c.obj)
                0x0000000000004cf0                sx12xx_lora_recv
 .text.sx12xx_lora_recv_async
                0x0000000000004e00       0x60 zephyr/drivers/lora/libloramac-node.a(sx12xx_common.c.obj)
                0x0000000000004e00                sx12xx_lora_recv_async
 .text.sx12xx_lora_config
                0x0000000000004e60       0xb4 zephyr/drivers/lora/libloramac-node.a(sx12xx_common.c.obj)
                0x0000000000004e60                sx12xx_lora_config
 .text.sx12xx_lora_test_cw
                0x0000000000004f14       0x44 zephyr/drivers/lora/libloramac-node.a(sx12xx_common.c.obj)
                0x0000000000004f14                sx12xx_lora_test_cw
 .text.sx12xx_init
                0x0000000000004f58       0x4c zephyr/drivers/lora/libloramac-node.a(sx12xx_common.c.obj)
                0x0000000000004f58                sx12xx_init
 .text.sx126x_mode_name
                0x0000000000004fa4       0x20 zephyr/drivers/lora/libloramac-node.a(sx126x.c.obj)
 .text.sx126x_dio1_irq_work_handler
                0x0000000000004fc4      0x104 zephyr/drivers/lora/libloramac-node.a(sx126x.c.obj)
 .text.SX126xGetOperatingMode
                0x00000000000050c8        0xc zephyr/drivers/lora/libloramac-node.a(sx126x.c.obj)
                0x00000000000050c8                SX126xGetOperatingMode
 .text.SX126xSetOperatingMode
                0x00000000000050d4       0xf0 zephyr/drivers/lora/libloramac-node.a(sx126x.c.obj)
                0x00000000000050d4                SX126xSetOperatingMode
 .text.SX126xIoIrqInit
                0x00000000000051c4       0x98 zephyr/drivers/lora/libloramac-node.a(sx126x.c.obj)
                0x00000000000051c4                SX126xIoIrqInit
 .text.SX126xIoTcxoInit
                0x000000000000525c       0x90 zephyr/drivers/lora/libloramac-node.a(sx126x.c.obj)
                0x000000000000525c                SX126xIoTcxoInit
 .text.SX126xIoRfSwitchInit
                0x00000000000052ec       0x98 zephyr/drivers/lora/libloramac-node.a(sx126x.c.obj)
                0x00000000000052ec                SX126xIoRfSwitchInit
 .text.sx126x_lora_init
                0x0000000000005384      0x1bc zephyr/drivers/lora/libloramac-node.a(sx126x.c.obj)
 .text.SX126xReset
                0x0000000000005540       0xa4 zephyr/drivers/lora/libloramac-node.a(sx126x.c.obj)
                0x0000000000005540                SX126xReset
 .text.SX126xSetRfTxPower
                0x00000000000055e4       0xa4 zephyr/drivers/lora/libloramac-node.a(sx126x.c.obj)
                0x00000000000055e4                SX126xSetRfTxPower
 .text.SX126xWaitOnBusy
                0x0000000000005688       0x1c zephyr/drivers/lora/libloramac-node.a(sx126x.c.obj)
                0x0000000000005688                SX126xWaitOnBusy
 .text.sx126x_spi_transceive
                0x00000000000056a4      0x110 zephyr/drivers/lora/libloramac-node.a(sx126x.c.obj)
 .text.SX126xReadRegisters
                0x00000000000057b4      0x18c zephyr/drivers/lora/libloramac-node.a(sx126x.c.obj)
                0x00000000000057b4                SX126xReadRegisters
 .text.SX126xWriteRegisters
                0x0000000000005940       0xe4 zephyr/drivers/lora/libloramac-node.a(sx126x.c.obj)
                0x0000000000005940                SX126xWriteRegisters
 .text.SX126xReadCommand
                0x0000000000005a24      0x154 zephyr/drivers/lora/libloramac-node.a(sx126x.c.obj)
                0x0000000000005a24                SX126xReadCommand
 .text.SX126xWriteCommand
                0x0000000000005b78       0xd0 zephyr/drivers/lora/libloramac-node.a(sx126x.c.obj)
                0x0000000000005b78                SX126xWriteCommand
 .text.SX126xReadBuffer
                0x0000000000005c48       0xcc zephyr/drivers/lora/libloramac-node.a(sx126x.c.obj)
                0x0000000000005c48                SX126xReadBuffer
 .text.SX126xWriteBuffer
                0x0000000000005d14       0xd4 zephyr/drivers/lora/libloramac-node.a(sx126x.c.obj)
                0x0000000000005d14                SX126xWriteBuffer
 .text.SX126xSetDio3AsOutput
                0x0000000000005de8      0x4ac zephyr/drivers/lora/libloramac-node.a(sx126x.c.obj)
 .text.SX126xSetDio3State
                0x0000000000006294      0x180 zephyr/drivers/lora/libloramac-node.a(sx126x.c.obj)
 .text.SX126xWakeup
                0x0000000000006414      0x25c zephyr/drivers/lora/libloramac-node.a(sx126x.c.obj)
                0x0000000000006414                SX126xWakeup
 .text.SX126xAntSwOn
                0x0000000000006670       0x9c zephyr/drivers/lora/libloramac-node.a(sx126x.c.obj)
                0x0000000000006670                SX126xAntSwOn
 .text.SX126xAntSwOff
                0x000000000000670c       0x98 zephyr/drivers/lora/libloramac-node.a(sx126x.c.obj)
                0x000000000000670c                SX126xAntSwOff
 .text.SX126xGetDio1PinState
                0x00000000000067a4       0x10 zephyr/drivers/lora/libloramac-node.a(sx126x.c.obj)
                0x00000000000067a4                SX126xGetDio1PinState
 .text.sx126x_reset
                0x00000000000067b4       0x78 zephyr/drivers/lora/libloramac-node.a(sx126x_standalone.c.obj)
                0x00000000000067b4                sx126x_reset
 .text.sx126x_is_busy
                0x000000000000682c       0x34 zephyr/drivers/lora/libloramac-node.a(sx126x_standalone.c.obj)
                0x000000000000682c                sx126x_is_busy
 .text.sx126x_get_dio1_pin_state
                0x0000000000006860       0x38 zephyr/drivers/lora/libloramac-node.a(sx126x_standalone.c.obj)
                0x0000000000006860                sx126x_get_dio1_pin_state
 .text.sx126x_dio1_irq_enable
                0x0000000000006898       0x30 zephyr/drivers/lora/libloramac-node.a(sx126x_standalone.c.obj)
                0x0000000000006898                sx126x_dio1_irq_enable
 .text.sx126x_dio1_irq_disable
                0x00000000000068c8       0x18 zephyr/drivers/lora/libloramac-node.a(sx126x_standalone.c.obj)
                0x00000000000068c8                sx126x_dio1_irq_disable
 .text.sx126x_variant_init
                0x00000000000068e0      0x138 zephyr/drivers/lora/libloramac-node.a(sx126x_standalone.c.obj)
                0x00000000000068e0                sx126x_variant_init
 .text.TimerInsertTimer
                0x0000000000006a18       0x2c zephyr/drivers/lora/libloramac-node.a(timer.c.obj)
 .text.TimerExists
                0x0000000000006a44       0x1c zephyr/drivers/lora/libloramac-node.a(timer.c.obj)
 .text.TimerInsertNewHeadTimer
                0x0000000000006a60       0x1c zephyr/drivers/lora/libloramac-node.a(timer.c.obj)
 .text.TimerStart
                0x0000000000006a7c       0x6c zephyr/drivers/lora/libloramac-node.a(timer.c.obj)
                0x0000000000006a7c                TimerStart
 .text.TimerIrqHandler
                0x0000000000006ae8       0x88 zephyr/drivers/lora/libloramac-node.a(timer.c.obj)
                0x0000000000006ae8                TimerIrqHandler
 .text.TimerStop
                0x0000000000006b70       0x80 zephyr/drivers/lora/libloramac-node.a(timer.c.obj)
                0x0000000000006b70                TimerStop
 .text.SX126xConvertFreqInHzToPllStep
                0x0000000000006bf0       0x28 zephyr/drivers/lora/libloramac-node.a(sx126x.c.obj)
 .text.SX126xSetSleep
                0x0000000000006c18       0x44 zephyr/drivers/lora/libloramac-node.a(sx126x.c.obj)
                0x0000000000006c18                SX126xSetSleep
 .text.SX126xInit
                0x0000000000006c5c       0x34 zephyr/drivers/lora/libloramac-node.a(sx126x.c.obj)
                0x0000000000006c5c                SX126xInit
 .text.SX126xCalibrateImage
                0x0000000000006c90       0x8c zephyr/drivers/lora/libloramac-node.a(sx126x.c.obj)
                0x0000000000006c90                SX126xCalibrateImage
 .text.SX126xSetRfFrequency
                0x0000000000006d1c       0x4c zephyr/drivers/lora/libloramac-node.a(sx126x.c.obj)
                0x0000000000006d1c                SX126xSetRfFrequency
 .text.SX126xSetPacketType
                0x0000000000006d68       0x24 zephyr/drivers/lora/libloramac-node.a(sx126x.c.obj)
                0x0000000000006d68                SX126xSetPacketType
 .text.SX126xGetPacketType
                0x0000000000006d8c        0xc zephyr/drivers/lora/libloramac-node.a(sx126x.c.obj)
                0x0000000000006d8c                SX126xGetPacketType
 .text.SX126xSetModulationParams
                0x0000000000006d98       0xa4 zephyr/drivers/lora/libloramac-node.a(sx126x.c.obj)
                0x0000000000006d98                SX126xSetModulationParams
 .text.SX126xSetPacketParams
                0x0000000000006e3c       0xd4 zephyr/drivers/lora/libloramac-node.a(sx126x.c.obj)
                0x0000000000006e3c                SX126xSetPacketParams
 .text.SX126xGetRxBufferStatus
                0x0000000000006f10       0x44 zephyr/drivers/lora/libloramac-node.a(sx126x.c.obj)
                0x0000000000006f10                SX126xGetRxBufferStatus
 .text.SX126xGetPacketStatus
                0x0000000000006f54       0x78 zephyr/drivers/lora/libloramac-node.a(sx126x.c.obj)
                0x0000000000006f54                SX126xGetPacketStatus
 .text.RadioGetFskBandwidthRegValue
                0x0000000000006fcc       0x3c zephyr/drivers/lora/libloramac-node.a(radio.c.obj)
 .text.RadioGetLoRaBandwidthInHz
                0x0000000000007008       0x5c zephyr/drivers/lora/libloramac-node.a(radio.c.obj)
 .text.RadioTimeOnAir
                0x0000000000007064       0x74 zephyr/drivers/lora/libloramac-node.a(radio.c.obj)
                0x0000000000007064                RadioTimeOnAir
 .text.RadioOnTxTimeoutIrq
                0x00000000000070d8       0x14 zephyr/drivers/lora/libloramac-node.a(radio.c.obj)
                0x00000000000070d8                RadioOnTxTimeoutIrq
 .text.RadioOnRxTimeoutIrq
                0x00000000000070ec       0x14 zephyr/drivers/lora/libloramac-node.a(radio.c.obj)
                0x00000000000070ec                RadioOnRxTimeoutIrq
 .text.RadioOnDioIrq
                0x0000000000007100        0xc zephyr/drivers/lora/libloramac-node.a(radio.c.obj)
                0x0000000000007100                RadioOnDioIrq
 .text.RadioSetMaxPayloadLength
                0x000000000000710c       0x40 zephyr/drivers/lora/libloramac-node.a(radio.c.obj)
                0x000000000000710c                RadioSetMaxPayloadLength
 .text.RadioSetPublicNetwork
                0x000000000000714c       0x44 zephyr/drivers/lora/libloramac-node.a(radio.c.obj)
                0x000000000000714c                RadioSetPublicNetwork
 .text.RadioSetModem
                0x0000000000007190       0x30 zephyr/drivers/lora/libloramac-node.a(radio.c.obj)
                0x0000000000007190                RadioSetModem
 .text.RadioSetRxConfig
                0x00000000000071c0      0x210 zephyr/drivers/lora/libloramac-node.a(radio.c.obj)
                0x00000000000071c0                RadioSetRxConfig
 .text.RadioSetTxConfig
                0x00000000000073d0      0x1d4 zephyr/drivers/lora/libloramac-node.a(radio.c.obj)
                0x00000000000073d0                RadioSetTxConfig
 .text.RadioSend
                0x00000000000075a4       0x60 zephyr/drivers/lora/libloramac-node.a(radio.c.obj)
                0x00000000000075a4                RadioSend
 .text.RadioRx  0x0000000000007604       0x50 zephyr/drivers/lora/libloramac-node.a(radio.c.obj)
                0x0000000000007604                RadioRx
 .text.RadioRxBoosted
                0x0000000000007654       0x50 zephyr/drivers/lora/libloramac-node.a(radio.c.obj)
                0x0000000000007654                RadioRxBoosted
 .text.RadioSetTxContinuousWave
                0x00000000000076a4       0x30 zephyr/drivers/lora/libloramac-node.a(radio.c.obj)
                0x00000000000076a4                RadioSetTxContinuousWave
 .text.RadioIrqProcess
                0x00000000000076d4      0x1c8 zephyr/drivers/lora/libloramac-node.a(radio.c.obj)
                0x00000000000076d4                RadioIrqProcess
 .text.RadioInit
                0x000000000000789c       0x7c zephyr/drivers/lora/libloramac-node.a(radio.c.obj)
                0x000000000000789c                RadioInit
 .text.baudrate_set
                0x0000000000007918      0x150 zephyr/drivers/serial/libdrivers__serial.a(uart_nrfx_uarte.c.obj)
 .text.uarte_nrfx_poll_out
                0x0000000000007a68       0x74 zephyr/drivers/serial/libdrivers__serial.a(uart_nrfx_uarte.c.obj)
 .text.endtx_stoptx_ppi_init
                0x0000000000007adc       0x9c zephyr/drivers/serial/libdrivers__serial.a(uart_nrfx_uarte.c.obj)
 .text.set_comparator
                0x0000000000007b78       0x14 zephyr/drivers/timer/libdrivers__timer.a(nrf_rtc_timer.c.obj)
 .text.get_comparator
                0x0000000000007b8c       0x10 zephyr/drivers/timer/libdrivers__timer.a(nrf_rtc_timer.c.obj)
 .text.event_enable
                0x0000000000007b9c       0x14 zephyr/drivers/timer/libdrivers__timer.a(nrf_rtc_timer.c.obj)
 .text.event_disable
                0x0000000000007bb0       0x14 zephyr/drivers/timer/libdrivers__timer.a(nrf_rtc_timer.c.obj)
 .text.counter  0x0000000000007bc4        0xc zephyr/drivers/timer/libdrivers__timer.a(nrf_rtc_timer.c.obj)
 .text.compare_int_lock
                0x0000000000007bd0       0x50 zephyr/drivers/timer/libdrivers__timer.a(nrf_rtc_timer.c.obj)
 .text.channel_processing_check_and_clear
                0x0000000000007c20       0x78 zephyr/drivers/timer/libdrivers__timer.a(nrf_rtc_timer.c.obj)
 .text.compare_int_unlock
                0x0000000000007c98       0x60 zephyr/drivers/timer/libdrivers__timer.a(nrf_rtc_timer.c.obj)
 .text.sys_clock_timeout_handler
                0x0000000000007cf8       0x78 zephyr/drivers/timer/libdrivers__timer.a(nrf_rtc_timer.c.obj)
 .text.z_nrf_rtc_timer_read
                0x0000000000007d70       0x40 zephyr/drivers/timer/libdrivers__timer.a(nrf_rtc_timer.c.obj)
                0x0000000000007d70                z_nrf_rtc_timer_read
 .text.compare_set_nolocks
                0x0000000000007db0       0xa0 zephyr/drivers/timer/libdrivers__timer.a(nrf_rtc_timer.c.obj)
 .text.sys_clock_driver_init
                0x0000000000007e50       0x94 zephyr/drivers/timer/libdrivers__timer.a(nrf_rtc_timer.c.obj)
 .text.process_channel
                0x0000000000007ee4       0x74 zephyr/drivers/timer/libdrivers__timer.a(nrf_rtc_timer.c.obj)
 .text.rtc_nrf_isr
                0x0000000000007f58       0x44 zephyr/drivers/timer/libdrivers__timer.a(nrf_rtc_timer.c.obj)
                0x0000000000007f58                rtc_nrf_isr
 .text.sys_clock_set_timeout
                0x0000000000007f9c       0x64 zephyr/drivers/timer/libdrivers__timer.a(nrf_rtc_timer.c.obj)
                0x0000000000007f9c                sys_clock_set_timeout
 .text.sys_clock_elapsed
                0x0000000000008000       0x14 zephyr/drivers/timer/libdrivers__timer.a(nrf_rtc_timer.c.obj)
                0x0000000000008000                sys_clock_elapsed
 .text.pinctrl_configure_pins
                0x0000000000008014      0x13c zephyr/drivers/pinctrl/libdrivers__pinctrl.a(pinctrl_nrf.c.obj)
                0x0000000000008014                pinctrl_configure_pins
 .text.nvmc_wait
                0x0000000000008150       0x10 modules/hal_nordic/nrfx/libmodules__hal_nordic__nrfx.a(system_nrf52.c.obj)
                0x0000000000008150                nvmc_wait
 .text.nvmc_config
                0x0000000000008160       0x14 modules/hal_nordic/nrfx/libmodules__hal_nordic__nrfx.a(system_nrf52.c.obj)
                0x0000000000008160                nvmc_config
 .text.SystemCoreClockUpdate
                0x0000000000008174       0x10 modules/hal_nordic/nrfx/libmodules__hal_nordic__nrfx.a(system_nrf52.c.obj)
                0x0000000000008174                SystemCoreClockUpdate
 .text.SystemInit
                0x0000000000008184      0x210 modules/hal_nordic/nrfx/libmodules__hal_nordic__nrfx.a(system_nrf52.c.obj)
                0x0000000000008184                SystemInit
 .text.nrfx_flag32_alloc
                0x0000000000008394       0x50 modules/hal_nordic/nrfx/libmodules__hal_nordic__nrfx.a(nrfx_flag32_allocator.c.obj)
                0x0000000000008394                nrfx_flag32_alloc
 .text.nrfx_flag32_free
                0x00000000000083e4       0x44 modules/hal_nordic/nrfx/libmodules__hal_nordic__nrfx.a(nrfx_flag32_allocator.c.obj)
                0x00000000000083e4                nrfx_flag32_free
 .text.nrfx_clock_anomaly_132
                0x0000000000008428       0x40 modules/hal_nordic/nrfx/libmodules__hal_nordic__nrfx.a(nrfx_clock.c.obj)
 .text.clock_stop
                0x0000000000008468       0xd4 modules/hal_nordic/nrfx/libmodules__hal_nordic__nrfx.a(nrfx_clock.c.obj)
 .text.nrfx_clock_init
                0x000000000000853c       0x28 modules/hal_nordic/nrfx/libmodules__hal_nordic__nrfx.a(nrfx_clock.c.obj)
                0x000000000000853c                nrfx_clock_init
 .text.nrfx_power_clock_irq_handler
                0x0000000000008564       0x7c modules/hal_nordic/nrfx/libmodules__hal_nordic__nrfx.a(nrfx_clock.c.obj)
                0x0000000000008564                nrfx_power_clock_irq_handler
 .text.pin_in_use
                0x00000000000085e0       0x14 modules/hal_nordic/nrfx/libmodules__hal_nordic__nrfx.a(nrfx_gpiote.c.obj)
 .text.pin_in_use_by_te
                0x00000000000085f4       0x14 modules/hal_nordic/nrfx/libmodules__hal_nordic__nrfx.a(nrfx_gpiote.c.obj)
 .text.pin_has_trigger
                0x0000000000008608       0x18 modules/hal_nordic/nrfx/libmodules__hal_nordic__nrfx.a(nrfx_gpiote.c.obj)
 .text.pin_is_output
                0x0000000000008620       0x14 modules/hal_nordic/nrfx/libmodules__hal_nordic__nrfx.a(nrfx_gpiote.c.obj)
 .text.pin_te_get
                0x0000000000008634       0x10 modules/hal_nordic/nrfx/libmodules__hal_nordic__nrfx.a(nrfx_gpiote.c.obj)
 .text.handler_in_use
                0x0000000000008644       0x34 modules/hal_nordic/nrfx/libmodules__hal_nordic__nrfx.a(nrfx_gpiote.c.obj)
 .text.find_handler
                0x0000000000008678       0x2c modules/hal_nordic/nrfx/libmodules__hal_nordic__nrfx.a(nrfx_gpiote.c.obj)
 .text.channel_handler_get
                0x00000000000086a4       0x20 modules/hal_nordic/nrfx/libmodules__hal_nordic__nrfx.a(nrfx_gpiote.c.obj)
 .text.call_handler
                0x00000000000086c4       0x2c modules/hal_nordic/nrfx/libmodules__hal_nordic__nrfx.a(nrfx_gpiote.c.obj)
 .text.release_handler
                0x00000000000086f0       0x44 modules/hal_nordic/nrfx/libmodules__hal_nordic__nrfx.a(nrfx_gpiote.c.obj)
 .text.pin_handler_trigger_uninit
                0x0000000000008734       0x38 modules/hal_nordic/nrfx/libmodules__hal_nordic__nrfx.a(nrfx_gpiote.c.obj)
 .text.pin_handler_set
                0x000000000000876c       0x6c modules/hal_nordic/nrfx/libmodules__hal_nordic__nrfx.a(nrfx_gpiote.c.obj)
 .text.port_event_handle
                0x00000000000087d8       0xa8 modules/hal_nordic/nrfx/libmodules__hal_nordic__nrfx.a(nrfx_gpiote.c.obj)
 .text.gpiote_evt_handle
                0x0000000000008880       0x44 modules/hal_nordic/nrfx/libmodules__hal_nordic__nrfx.a(nrfx_gpiote.c.obj)
 .text.nrfx_gpiote_input_configure
                0x00000000000088c4      0x164 modules/hal_nordic/nrfx/libmodules__hal_nordic__nrfx.a(nrfx_gpiote.c.obj)
                0x00000000000088c4                nrfx_gpiote_input_configure
 .text.nrfx_gpiote_output_configure
                0x0000000000008a28      0x16c modules/hal_nordic/nrfx/libmodules__hal_nordic__nrfx.a(nrfx_gpiote.c.obj)
                0x0000000000008a28                nrfx_gpiote_output_configure
 .text.nrfx_gpiote_global_callback_set
                0x0000000000008b94        0xc modules/hal_nordic/nrfx/libmodules__hal_nordic__nrfx.a(nrfx_gpiote.c.obj)
                0x0000000000008b94                nrfx_gpiote_global_callback_set
 .text.nrfx_gpiote_channel_get
                0x0000000000008ba0       0x30 modules/hal_nordic/nrfx/libmodules__hal_nordic__nrfx.a(nrfx_gpiote.c.obj)
                0x0000000000008ba0                nrfx_gpiote_channel_get
 .text.nrfx_gpiote_init
                0x0000000000008bd0       0x54 modules/hal_nordic/nrfx/libmodules__hal_nordic__nrfx.a(nrfx_gpiote.c.obj)
                0x0000000000008bd0                nrfx_gpiote_init
 .text.nrfx_gpiote_is_init
                0x0000000000008c24       0x14 modules/hal_nordic/nrfx/libmodules__hal_nordic__nrfx.a(nrfx_gpiote.c.obj)
                0x0000000000008c24                nrfx_gpiote_is_init
 .text.nrfx_gpiote_channel_free
                0x0000000000008c38       0x10 modules/hal_nordic/nrfx/libmodules__hal_nordic__nrfx.a(nrfx_gpiote.c.obj)
                0x0000000000008c38                nrfx_gpiote_channel_free
 .text.nrfx_gpiote_channel_alloc
                0x0000000000008c48       0x10 modules/hal_nordic/nrfx/libmodules__hal_nordic__nrfx.a(nrfx_gpiote.c.obj)
                0x0000000000008c48                nrfx_gpiote_channel_alloc
 .text.nrfx_gpiote_trigger_enable
                0x0000000000008c58       0xb0 modules/hal_nordic/nrfx/libmodules__hal_nordic__nrfx.a(nrfx_gpiote.c.obj)
                0x0000000000008c58                nrfx_gpiote_trigger_enable
 .text.nrfx_gpiote_trigger_disable
                0x0000000000008d08       0x54 modules/hal_nordic/nrfx/libmodules__hal_nordic__nrfx.a(nrfx_gpiote.c.obj)
                0x0000000000008d08                nrfx_gpiote_trigger_disable
 .text.nrfx_gpiote_pin_uninit
                0x0000000000008d5c       0x38 modules/hal_nordic/nrfx/libmodules__hal_nordic__nrfx.a(nrfx_gpiote.c.obj)
                0x0000000000008d5c                nrfx_gpiote_pin_uninit
 .text.nrfx_gpiote_irq_handler
                0x0000000000008d94       0x60 modules/hal_nordic/nrfx/libmodules__hal_nordic__nrfx.a(nrfx_gpiote.c.obj)
                0x0000000000008d94                nrfx_gpiote_irq_handler
 .text.nrfx_ppi_channel_alloc
                0x0000000000008df4       0x10 modules/hal_nordic/nrfx/libmodules__hal_nordic__nrfx.a(nrfx_ppi.c.obj)
                0x0000000000008df4                nrfx_ppi_channel_alloc
 .text.nrfx_spi_init
                0x0000000000008e04       0xb4 modules/hal_nordic/nrfx/libmodules__hal_nordic__nrfx.a(nrfx_spi.c.obj)
                0x0000000000008e04                nrfx_spi_init
 .text.nrfx_spi_uninit
                0x0000000000008eb8       0xb4 modules/hal_nordic/nrfx/libmodules__hal_nordic__nrfx.a(nrfx_spi.c.obj)
                0x0000000000008eb8                nrfx_spi_uninit
 .text.nrfx_spi_xfer
                0x0000000000008f6c       0x9c modules/hal_nordic/nrfx/libmodules__hal_nordic__nrfx.a(nrfx_spi.c.obj)
                0x0000000000008f6c                nrfx_spi_xfer
 .text.nrfx_spi_0_irq_handler
                0x0000000000009008       0x14 modules/hal_nordic/nrfx/libmodules__hal_nordic__nrfx.a(nrfx_spi.c.obj)
                0x0000000000009008                nrfx_spi_0_irq_handler
 .text.nrfx_spi_1_irq_handler
                0x000000000000901c       0x14 modules/hal_nordic/nrfx/libmodules__hal_nordic__nrfx.a(nrfx_spi.c.obj)
                0x000000000000901c                nrfx_spi_1_irq_handler
 .text._DoInit  0x0000000000009030       0x60 modules/segger/libmodules__segger.a(SEGGER_RTT.c.obj)
 .text.SEGGER_RTT_WriteSkipNoLock
                0x0000000000009090       0xc8 modules/segger/libmodules__segger.a(SEGGER_RTT.c.obj)
                0x0000000000009090                SEGGER_RTT_WriteSkipNoLock
 .text.SEGGER_RTT_HasDataUp
                0x0000000000009158       0x20 modules/segger/libmodules__segger.a(SEGGER_RTT.c.obj)
                0x0000000000009158                SEGGER_RTT_HasDataUp
 .text.zephyr_rtt_mutex_lock
                0x0000000000009178       0x18 modules/segger/libmodules__segger.a(SEGGER_RTT_zephyr.c.obj)
                0x0000000000009178                zephyr_rtt_mutex_lock
 .text.zephyr_rtt_mutex_unlock
                0x0000000000009190       0x10 modules/segger/libmodules__segger.a(SEGGER_RTT_zephyr.c.obj)
                0x0000000000009190                zephyr_rtt_mutex_unlock
 .text.z_device_state_init
                0x00000000000091a0       0x18 zephyr/kernel/libkernel.a(device.c.obj)
                0x00000000000091a0                z_device_state_init
 .text.z_sys_init_run_level
                0x00000000000091b8       0x50 zephyr/kernel/libkernel.a(device.c.obj)
                0x00000000000091b8                z_sys_init_run_level
 .text.reason_to_str
                0x0000000000009208       0x40 zephyr/kernel/libkernel.a(fatal.c.obj)
 .text.thread_name_get
                0x0000000000009248       0x20 zephyr/kernel/libkernel.a(fatal.c.obj)
 .text.k_sys_fatal_error_handler
                0x0000000000009268       0x64 zephyr/kernel/libkernel.a(fatal.c.obj)
                0x0000000000009268                k_sys_fatal_error_handler
 .text.z_fatal_error
                0x00000000000092cc      0x228 zephyr/kernel/libkernel.a(fatal.c.obj)
                0x00000000000092cc                z_fatal_error
 .text.init_idle_thread
                0x00000000000094f4       0x5c zephyr/kernel/libkernel.a(init.c.obj)
 .text.bg_thread_main
                0x0000000000009550       0x34 zephyr/kernel/libkernel.a(init.c.obj)
 .text.switch_to_main_thread
                0x0000000000009584       0x14 zephyr/kernel/libkernel.a(init.c.obj)
 .text.z_bss_zero
                0x0000000000009598       0x18 zephyr/kernel/libkernel.a(init.c.obj)
                0x0000000000009598                z_bss_zero
 .text.z_init_cpu
                0x00000000000095b0       0x44 zephyr/kernel/libkernel.a(init.c.obj)
                0x00000000000095b0                z_init_cpu
 .text.prepare_multithreading
                0x00000000000095f4       0x60 zephyr/kernel/libkernel.a(init.c.obj)
 .text.z_cstart
                0x0000000000009654       0x8c zephyr/kernel/libkernel.a(init.c.obj)
                0x0000000000009654                z_cstart
 .text.z_thread_monitor_exit
                0x00000000000096e0       0x40 zephyr/kernel/libkernel.a(thread.c.obj)
                0x00000000000096e0                z_thread_monitor_exit
 .text.z_impl_k_thread_name_set
                0x0000000000009720       0x24 zephyr/kernel/libkernel.a(thread.c.obj)
                0x0000000000009720                z_impl_k_thread_name_set
 .text.schedule_new_thread
                0x0000000000009744       0x1c zephyr/kernel/libkernel.a(thread.c.obj)
 .text.z_setup_new_thread
                0x0000000000009760       0xc8 zephyr/kernel/libkernel.a(thread.c.obj)
                0x0000000000009760                z_setup_new_thread
 .text.z_init_static_threads
                0x0000000000009828       0x94 zephyr/kernel/libkernel.a(thread.c.obj)
                0x0000000000009828                z_init_static_threads
 .text.idle     0x00000000000098bc       0x3c zephyr/kernel/libkernel.a(idle.c.obj)
                0x00000000000098bc                idle
 .text.z_impl_k_mutex_lock
                0x00000000000098f8      0x114 zephyr/kernel/libkernel.a(mutex.c.obj)
                0x00000000000098f8                z_impl_k_mutex_lock
 .text.z_impl_k_mutex_unlock
                0x0000000000009a0c       0x7c zephyr/kernel/libkernel.a(mutex.c.obj)
                0x0000000000009a0c                z_impl_k_mutex_unlock
 .text.z_impl_k_sem_give
                0x0000000000009a88       0x50 zephyr/kernel/libkernel.a(sem.c.obj)
                0x0000000000009a88                z_impl_k_sem_give
 .text.z_impl_k_sem_take
                0x0000000000009ad8       0x50 zephyr/kernel/libkernel.a(sem.c.obj)
                0x0000000000009ad8                z_impl_k_sem_take
 .text.submit_to_queue_locked
                0x0000000000009b28       0xd8 zephyr/kernel/libkernel.a(work.c.obj)
 .text.finalize_cancel_locked
                0x0000000000009c00       0x7c zephyr/kernel/libkernel.a(work.c.obj)
 .text.work_queue_main
                0x0000000000009c7c       0xf0 zephyr/kernel/libkernel.a(work.c.obj)
 .text.k_work_submit
                0x0000000000009d6c       0x10 zephyr/kernel/libkernel.a(work.c.obj)
                0x0000000000009d6c                k_work_submit
 .text.k_work_queue_start
                0x0000000000009d7c       0x7c zephyr/kernel/libkernel.a(work.c.obj)
                0x0000000000009d7c                k_work_queue_start
 .text.add_thread_timeout
                0x0000000000009df8       0x20 zephyr/kernel/libkernel.a(sched.c.obj)
 .text.z_reset_time_slice
                0x0000000000009e18       0x28 zephyr/kernel/libkernel.a(sched.c.obj)
                0x0000000000009e18                z_reset_time_slice
 .text.k_sched_time_slice_set
                0x0000000000009e40       0x74 zephyr/kernel/libkernel.a(sched.c.obj)
                0x0000000000009e40                k_sched_time_slice_set
 .text.z_reschedule
                0x0000000000009eb4       0x38 zephyr/kernel/libkernel.a(sched.c.obj)
                0x0000000000009eb4                z_reschedule
 .text.k_sched_lock
                0x0000000000009eec       0x34 zephyr/kernel/libkernel.a(sched.c.obj)
                0x0000000000009eec                k_sched_lock
 .text.update_cache
                0x0000000000009f20       0x50 zephyr/kernel/libkernel.a(sched.c.obj)
 .text.move_thread_to_end_of_prio_q
                0x0000000000009f70       0x88 zephyr/kernel/libkernel.a(sched.c.obj)
 .text.slice_expired_locked
                0x0000000000009ff8       0x28 zephyr/kernel/libkernel.a(sched.c.obj)
 .text.z_time_slice
                0x000000000000a020       0xb0 zephyr/kernel/libkernel.a(sched.c.obj)
                0x000000000000a020                z_time_slice
 .text.ready_thread
                0x000000000000a0d0       0x80 zephyr/kernel/libkernel.a(sched.c.obj)
 .text.z_sched_start
                0x000000000000a150       0x3c zephyr/kernel/libkernel.a(sched.c.obj)
                0x000000000000a150                z_sched_start
 .text.unready_thread
                0x000000000000a18c       0x38 zephyr/kernel/libkernel.a(sched.c.obj)
 .text.z_pend_curr
                0x000000000000a1c4       0x28 zephyr/kernel/libkernel.a(sched.c.obj)
                0x000000000000a1c4                z_pend_curr
 .text.z_set_prio
                0x000000000000a1ec       0xc0 zephyr/kernel/libkernel.a(sched.c.obj)
                0x000000000000a1ec                z_set_prio
 .text.z_impl_k_thread_suspend
                0x000000000000a2ac       0x84 zephyr/kernel/libkernel.a(sched.c.obj)
                0x000000000000a2ac                z_impl_k_thread_suspend
 .text.k_sched_unlock
                0x000000000000a330       0x50 zephyr/kernel/libkernel.a(sched.c.obj)
                0x000000000000a330                k_sched_unlock
 .text.end_thread
                0x000000000000a380       0x9c zephyr/kernel/libkernel.a(sched.c.obj)
 .text.z_sched_init
                0x000000000000a41c       0x18 zephyr/kernel/libkernel.a(sched.c.obj)
                0x000000000000a41c                z_sched_init
 .text.z_impl_k_yield
                0x000000000000a434       0x88 zephyr/kernel/libkernel.a(sched.c.obj)
                0x000000000000a434                z_impl_k_yield
 .text.z_tick_sleep
                0x000000000000a4bc       0x98 zephyr/kernel/libkernel.a(sched.c.obj)
 .text.z_impl_k_sleep
                0x000000000000a554       0x58 zephyr/kernel/libkernel.a(sched.c.obj)
                0x000000000000a554                z_impl_k_sleep
 .text.z_impl_z_current_get
                0x000000000000a5ac        0xc zephyr/kernel/libkernel.a(sched.c.obj)
                0x000000000000a5ac                z_impl_z_current_get
 .text.z_thread_abort
                0x000000000000a5b8       0x70 zephyr/kernel/libkernel.a(sched.c.obj)
                0x000000000000a5b8                z_thread_abort
 .text.z_sched_wait
                0x000000000000a628       0x28 zephyr/kernel/libkernel.a(sched.c.obj)
                0x000000000000a628                z_sched_wait
 .text.z_data_copy
                0x000000000000a650       0x34 zephyr/kernel/libkernel.a(xip.c.obj)
                0x000000000000a650                z_data_copy
 .text.first    0x000000000000a684       0x14 zephyr/kernel/libkernel.a(timeout.c.obj)
 .text.next     0x000000000000a698       0x18 zephyr/kernel/libkernel.a(timeout.c.obj)
 .text.elapsed  0x000000000000a6b0       0x18 zephyr/kernel/libkernel.a(timeout.c.obj)
 .text.next_timeout
                0x000000000000a6c8       0x4c zephyr/kernel/libkernel.a(timeout.c.obj)
 .text.z_add_timeout
                0x000000000000a714      0x118 zephyr/kernel/libkernel.a(timeout.c.obj)
                0x000000000000a714                z_add_timeout
 .text.sys_clock_announce
                0x000000000000a82c       0xc4 zephyr/kernel/libkernel.a(timeout.c.obj)
                0x000000000000a82c                sys_clock_announce
 .text.sys_clock_tick_get
                0x000000000000a8f0       0x40 zephyr/kernel/libkernel.a(timeout.c.obj)
                0x000000000000a8f0                sys_clock_tick_get
 .text.z_timer_expiration_handler
                0x000000000000a930       0xe0 zephyr/kernel/libkernel.a(timer.c.obj)
                0x000000000000a930                z_timer_expiration_handler
 .text.z_impl_k_timer_start
                0x000000000000aa10       0xac zephyr/kernel/libkernel.a(timer.c.obj)
                0x000000000000aa10                z_impl_k_timer_start
 .text.register_events
                0x000000000000aabc      0x3f4 zephyr/kernel/libkernel.a(poll.c.obj)
 .text.z_impl_k_poll
                0x000000000000aeb0      0x158 zephyr/kernel/libkernel.a(poll.c.obj)
                0x000000000000aeb0                z_impl_k_poll
 .text.z_impl_k_poll_signal_raise
                0x000000000000b008       0x54 zephyr/kernel/libkernel.a(poll.c.obj)
                0x000000000000b008                z_impl_k_poll_signal_raise
 .text.boot_banner
                0x000000000000b05c       0x1c zephyr/kernel/libkernel.a(banner.c.obj)
                0x000000000000b05c                boot_banner
 .text.k_sys_work_q_init
                0x000000000000b078       0x34 zephyr/kernel/libkernel.a(system_work_q.c.obj)
 .text.cbprintf_via_va_list
                0x000000000000b0ac        0xe zephyr/libzephyr.a(cbprintf_packaged.c.obj)
 .text.get_package_len
                0x000000000000b0ba       0x2a zephyr/libzephyr.a(cbprintf_packaged.c.obj)
 .text.append_string
                0x000000000000b0e4       0x2e zephyr/libzephyr.a(cbprintf_packaged.c.obj)
 .text.cbpprintf_external
                0x000000000000b112       0x5e zephyr/libzephyr.a(cbprintf_packaged.c.obj)
                0x000000000000b112                cbpprintf_external
 .text.sys_notify_validate
                0x000000000000b170       0x3e zephyr/libzephyr.a(notify.c.obj)
                0x000000000000b170                sys_notify_validate
 .text.sys_notify_finalize
                0x000000000000b1ae       0x32 zephyr/libzephyr.a(notify.c.obj)
                0x000000000000b1ae                sys_notify_finalize
 .text.arch_printk_char_out
                0x000000000000b1e0        0x4 zephyr/libzephyr.a(printk.c.obj)
                0x000000000000b1e0                arch_printk_char_out
 .text.str_out  0x000000000000b1e4       0x30 zephyr/libzephyr.a(printk.c.obj)
 .text.printk   0x000000000000b214       0x1c zephyr/libzephyr.a(printk.c.obj)
                0x000000000000b214                printk
 .text.snprintk
                0x000000000000b230       0x1c zephyr/libzephyr.a(printk.c.obj)
                0x000000000000b230                snprintk
 .text.set_state
                0x000000000000b24c       0x10 zephyr/libzephyr.a(onoff.c.obj)
 .text.notify_monitors
                0x000000000000b25c       0x3e zephyr/libzephyr.a(onoff.c.obj)
 .text.process_recheck
                0x000000000000b29a       0x32 zephyr/libzephyr.a(onoff.c.obj)
 .text.process_complete
                0x000000000000b2cc       0x9c zephyr/libzephyr.a(onoff.c.obj)
 .text.validate_args
                0x000000000000b368       0x2c zephyr/libzephyr.a(onoff.c.obj)
 .text.notify_one
                0x000000000000b394       0x26 zephyr/libzephyr.a(onoff.c.obj)
 .text.notify_all
                0x000000000000b3ba       0x2e zephyr/libzephyr.a(onoff.c.obj)
 .text.transition_complete
                0x000000000000b3e8       0x1c zephyr/libzephyr.a(onoff.c.obj)
 .text.onoff_manager_init
                0x000000000000b404       0x3a zephyr/libzephyr.a(onoff.c.obj)
                0x000000000000b404                onoff_manager_init
 .text.onoff_request
                0x000000000000b43e       0xb8 zephyr/libzephyr.a(onoff.c.obj)
                0x000000000000b43e                onoff_request
 .text.z_thread_entry
                0x000000000000b4f6       0x14 zephyr/libzephyr.a(thread_entry.c.obj)
                0x000000000000b4f6                z_thread_entry
 .text.extract_decimal
                0x000000000000b50a       0x24 zephyr/libzephyr.a(cbprintf_complete.c.obj)
 .text.encode_uint
                0x000000000000b52e       0xd4 zephyr/libzephyr.a(cbprintf_complete.c.obj)
 .text.outs     0x000000000000b602       0x34 zephyr/libzephyr.a(cbprintf_complete.c.obj)
 .text.add_skip_item
                0x000000000000b636       0x52 zephyr/libzephyr.a(mpsc_pbuf.c.obj)
 .text.drop_item_locked
                0x000000000000b688      0x112 zephyr/libzephyr.a(mpsc_pbuf.c.obj)
 .text.mpsc_pbuf_init
                0x000000000000b79a       0x4e zephyr/libzephyr.a(mpsc_pbuf.c.obj)
                0x000000000000b79a                mpsc_pbuf_init
 .text.mpsc_pbuf_alloc
                0x000000000000b7e8      0x138 zephyr/libzephyr.a(mpsc_pbuf.c.obj)
                0x000000000000b7e8                mpsc_pbuf_alloc
 .text.mpsc_pbuf_commit
                0x000000000000b920       0xc2 zephyr/libzephyr.a(mpsc_pbuf.c.obj)
                0x000000000000b920                mpsc_pbuf_commit
 .text.mpsc_pbuf_claim
                0x000000000000b9e2       0xe2 zephyr/libzephyr.a(mpsc_pbuf.c.obj)
                0x000000000000b9e2                mpsc_pbuf_claim
 .text.mpsc_pbuf_free
                0x000000000000bac4       0x7a zephyr/libzephyr.a(mpsc_pbuf.c.obj)
                0x000000000000bac4                mpsc_pbuf_free
 .text.mpsc_pbuf_is_pending
                0x000000000000bb3e       0x18 zephyr/libzephyr.a(mpsc_pbuf.c.obj)
                0x000000000000bb3e                mpsc_pbuf_is_pending
 .text._ConfigAbsSyms
                0x000000000000bb56        0x2 zephyr/libzephyr.a(configs.c.obj)
                0x000000000000bb56                _ConfigAbsSyms
 .text.log_msg_generic_get_wlen
                0x000000000000bb58       0x22 zephyr/libzephyr.a(log_core.c.obj)
 .text.dummy_timestamp
                0x000000000000bb7a        0x4 zephyr/libzephyr.a(log_core.c.obj)
 .text.msg_filter_check
                0x000000000000bb7e        0x4 zephyr/libzephyr.a(log_core.c.obj)
 .text.default_get_timestamp
                0x000000000000bb82        0x8 zephyr/libzephyr.a(log_core.c.obj)
 .text.notify_drop
                0x000000000000bb8a        0xa zephyr/libzephyr.a(log_core.c.obj)
 .text.z_log_get_tag
                0x000000000000bb94        0x4 zephyr/libzephyr.a(log_core.c.obj)
                0x000000000000bb94                z_log_get_tag
 .text.z_cbprintf_cpy
                0x000000000000bb98       0x2c zephyr/libzephyr.a(log_msg.c.obj)
 .text.z_log_msg_finalize
                0x000000000000bbc4       0x32 zephyr/libzephyr.a(log_msg.c.obj)
                0x000000000000bbc4                z_log_msg_finalize
 .text.buffer_write
                0x000000000000bbf6       0x1a zephyr/libzephyr.a(log_output.c.obj)
 .text.cbvprintf
                0x000000000000bc10       0x10 zephyr/libzephyr.a(log_output.c.obj)
 .text.color_prefix
                0x000000000000bc20        0xc zephyr/libzephyr.a(log_output.c.obj)
 .text.color_postfix
                0x000000000000bc2c        0xc zephyr/libzephyr.a(log_output.c.obj)
 .text.postfix_print
                0x000000000000bc38       0x18 zephyr/libzephyr.a(log_output.c.obj)
 .text.log_msg_hexdump
                0x000000000000bc50       0x36 zephyr/libzephyr.a(log_output.c.obj)
 .text.log_output_flush
                0x000000000000bc86       0x1a zephyr/libzephyr.a(log_output.c.obj)
                0x000000000000bc86                log_output_flush
 .text.out_func
                0x000000000000bca0       0x38 zephyr/libzephyr.a(log_output.c.obj)
 .text.cr_out_func
                0x000000000000bcd8       0x1c zephyr/libzephyr.a(log_output.c.obj)
 .text.pm_policy_state_lock_is_active
                0x000000000000bcf4        0x4 zephyr/libzephyr.a(policy.c.obj)
                0x000000000000bcf4                pm_policy_state_lock_is_active
 .text.z_arm_fatal_error
                0x000000000000bcf8       0x18 zephyr/arch/arch/arm/core/aarch32/libarch__arm__core__aarch32.a(fatal.c.obj)
                0x000000000000bcf8                z_arm_fatal_error
 .text.z_do_kernel_oops
                0x000000000000bd10        0xc zephyr/arch/arch/arm/core/aarch32/libarch__arm__core__aarch32.a(fatal.c.obj)
                0x000000000000bd10                z_do_kernel_oops
 .text.z_irq_spurious
                0x000000000000bd1c        0xc zephyr/arch/arch/arm/core/aarch32/libarch__arm__core__aarch32.a(irq_manage.c.obj)
                0x000000000000bd1c                z_irq_spurious
 .text.z_arm_nmi
                0x000000000000bd28        0xc zephyr/arch/arch/arm/core/aarch32/libarch__arm__core__aarch32.a(nmi.c.obj)
                0x000000000000bd28                z_arm_nmi
 .text.memory_fault_recoverable
                0x000000000000bd34        0x4 zephyr/arch/arch/arm/core/aarch32/cortex_m/libarch__arm__core__aarch32__cortex_m.a(fault.c.obj)
 .text.fault_handle
                0x000000000000bd38       0x4a zephyr/arch/arch/arm/core/aarch32/cortex_m/libarch__arm__core__aarch32__cortex_m.a(fault.c.obj)
 .text.mpu_partition_is_valid
                0x000000000000bd82       0x22 zephyr/arch/arch/arm/core/aarch32/mpu/libarch__arm__core__aarch32__mpu.a(arm_mpu.c.obj)
 .text.mpu_configure_region
                0x000000000000bda4       0x3e zephyr/arch/arch/arm/core/aarch32/mpu/libarch__arm__core__aarch32__mpu.a(arm_mpu.c.obj)
 .text.arm_core_mpu_configure_static_mpu_regions
                0x000000000000bde2        0x8 zephyr/arch/arch/arm/core/aarch32/mpu/libarch__arm__core__aarch32__mpu.a(arm_mpu.c.obj)
                0x000000000000bde2                arm_core_mpu_configure_static_mpu_regions
 .text.arm_core_mpu_configure_dynamic_mpu_regions
                0x000000000000bdea        0x8 zephyr/arch/arch/arm/core/aarch32/mpu/libarch__arm__core__aarch32__mpu.a(arm_mpu.c.obj)
                0x000000000000bdea                arm_core_mpu_configure_dynamic_mpu_regions
 .text.strcpy   0x000000000000bdf2       0x14 zephyr/lib/libc/minimal/liblib__libc__minimal.a(string.c.obj)
                0x000000000000bdf2                strcpy
 .text.strncpy  0x000000000000be06       0x34 zephyr/lib/libc/minimal/liblib__libc__minimal.a(string.c.obj)
                0x000000000000be06                strncpy
 .text.strlen   0x000000000000be3a       0x12 zephyr/lib/libc/minimal/liblib__libc__minimal.a(string.c.obj)
                0x000000000000be3a                strlen
 .text.strnlen  0x000000000000be4c       0x14 zephyr/lib/libc/minimal/liblib__libc__minimal.a(string.c.obj)
                0x000000000000be4c                strnlen
 .text.memcpy   0x000000000000be60       0x5e zephyr/lib/libc/minimal/liblib__libc__minimal.a(string.c.obj)
                0x000000000000be60                memcpy
 .text.memset   0x000000000000bebe       0x3c zephyr/lib/libc/minimal/liblib__libc__minimal.a(string.c.obj)
                0x000000000000bebe                memset
 .text._stdout_hook_default
                0x000000000000befa        0x6 zephyr/lib/libc/minimal/liblib__libc__minimal.a(stdout_console.c.obj)
 .text.pm_state_set
                0x000000000000bf00       0x18 zephyr/soc/arm/nordic_nrf/nrf52/libsoc__arm__nordic_nrf__nrf52.a(power.c.obj)
                0x000000000000bf00                pm_state_set
 .text.pm_state_exit_post_ops
                0x000000000000bf18        0xc zephyr/soc/arm/nordic_nrf/nrf52/libsoc__arm__nordic_nrf__nrf52.a(power.c.obj)
                0x000000000000bf18                pm_state_exit_post_ops
 .text.get_sub_data
                0x000000000000bf24        0xe zephyr/drivers/clock_control/libdrivers__clock_control.a(clock_control_nrf.c.obj)
 .text.get_sub_config
                0x000000000000bf32        0xc zephyr/drivers/clock_control/libdrivers__clock_control.a(clock_control_nrf.c.obj)
 .text.get_onoff_manager
                0x000000000000bf3e        0xc zephyr/drivers/clock_control/libdrivers__clock_control.a(clock_control_nrf.c.obj)
 .text.get_status
                0x000000000000bf4a       0x10 zephyr/drivers/clock_control/libdrivers__clock_control.a(clock_control_nrf.c.obj)
 .text.set_off_state
                0x000000000000bf5a       0x32 zephyr/drivers/clock_control/libdrivers__clock_control.a(clock_control_nrf.c.obj)
 .text.set_starting_state
                0x000000000000bf8c       0x3c zephyr/drivers/clock_control/libdrivers__clock_control.a(clock_control_nrf.c.obj)
 .text.set_on_state
                0x000000000000bfc8       0x26 zephyr/drivers/clock_control/libdrivers__clock_control.a(clock_control_nrf.c.obj)
 .text.clkstarted_handle
                0x000000000000bfee       0x24 zephyr/drivers/clock_control/libdrivers__clock_control.a(clock_control_nrf.c.obj)
 .text.stop     0x000000000000c012       0x2a zephyr/drivers/clock_control/libdrivers__clock_control.a(clock_control_nrf.c.obj)
 .text.api_stop
                0x000000000000c03c        0xa zephyr/drivers/clock_control/libdrivers__clock_control.a(clock_control_nrf.c.obj)
 .text.async_start
                0x000000000000c046       0x38 zephyr/drivers/clock_control/libdrivers__clock_control.a(clock_control_nrf.c.obj)
 .text.api_start
                0x000000000000c07e       0x10 zephyr/drivers/clock_control/libdrivers__clock_control.a(clock_control_nrf.c.obj)
 .text.onoff_started_callback
                0x000000000000c08e       0x10 zephyr/drivers/clock_control/libdrivers__clock_control.a(clock_control_nrf.c.obj)
 .text.hfclk_start
                0x000000000000c09e        0xa zephyr/drivers/clock_control/libdrivers__clock_control.a(clock_control_nrf.c.obj)
 .text.hfclk_stop
                0x000000000000c0a8        0xa zephyr/drivers/clock_control/libdrivers__clock_control.a(clock_control_nrf.c.obj)
 .text.lfclk_stop
                0x000000000000c0b2        0xa zephyr/drivers/clock_control/libdrivers__clock_control.a(clock_control_nrf.c.obj)
 .text.blocking_start_callback
                0x000000000000c0bc        0xa zephyr/drivers/clock_control/libdrivers__clock_control.a(clock_control_nrf.c.obj)
 .text.get_drive
                0x000000000000c0c6       0x86 zephyr/drivers/gpio/libdrivers__gpio.a(gpio_nrfx.c.obj)
 .text.get_pull
                0x000000000000c14c       0x18 zephyr/drivers/gpio/libdrivers__gpio.a(gpio_nrfx.c.obj)
 .text.gpio_nrfx_port_get_raw
                0x000000000000c164        0xe zephyr/drivers/gpio/libdrivers__gpio.a(gpio_nrfx.c.obj)
 .text.gpio_nrfx_port_set_masked_raw
                0x000000000000c172       0x18 zephyr/drivers/gpio/libdrivers__gpio.a(gpio_nrfx.c.obj)
 .text.gpio_nrfx_port_set_bits_raw
                0x000000000000c18a        0xc zephyr/drivers/gpio/libdrivers__gpio.a(gpio_nrfx.c.obj)
 .text.gpio_nrfx_port_clear_bits_raw
                0x000000000000c196        0xc zephyr/drivers/gpio/libdrivers__gpio.a(gpio_nrfx.c.obj)
 .text.gpio_nrfx_port_toggle_bits
                0x000000000000c1a2       0x1a zephyr/drivers/gpio/libdrivers__gpio.a(gpio_nrfx.c.obj)
 .text.get_trigger
                0x000000000000c1bc       0x2c zephyr/drivers/gpio/libdrivers__gpio.a(gpio_nrfx.c.obj)
 .text.gpio_nrfx_manage_callback
                0x000000000000c1e8       0x72 zephyr/drivers/gpio/libdrivers__gpio.a(gpio_nrfx.c.obj)
 .text.nrfx_gpio_handler
                0x000000000000c25a       0x48 zephyr/drivers/gpio/libdrivers__gpio.a(gpio_nrfx.c.obj)
 .text.irq_connect0
                0x000000000000c2a2        0xe zephyr/drivers/spi/libdrivers__spi.a(spi_nrfx_spi.c.obj)
 .text.irq_connect1
                0x000000000000c2b0        0xe zephyr/drivers/spi/libdrivers__spi.a(spi_nrfx_spi.c.obj)
 .text.spi_nrfx_release
                0x000000000000c2be       0x7a zephyr/drivers/spi/libdrivers__spi.a(spi_nrfx_spi.c.obj)
 .text.spi_nrfx_transceive
                0x000000000000c338       0x12 zephyr/drivers/spi/libdrivers__spi.a(spi_nrfx_spi.c.obj)
 .text.spi_nrfx_init
                0x000000000000c34a       0x94 zephyr/drivers/spi/libdrivers__spi.a(spi_nrfx_spi.c.obj)
 .text.timer_work_handler
                0x000000000000c3de        0x8 zephyr/drivers/lora/libloramac-node.a(hal_common.c.obj)
 .text.RtcGetTimerValue
                0x000000000000c3e6       0x34 zephyr/drivers/lora/libloramac-node.a(hal_common.c.obj)
                0x000000000000c3e6                RtcGetTimerValue
 .text.RtcGetMinimumTimeout
                0x000000000000c41a        0x4 zephyr/drivers/lora/libloramac-node.a(hal_common.c.obj)
                0x000000000000c41a                RtcGetMinimumTimeout
 .text.DelayMsMcu
                0x000000000000c41e       0x22 zephyr/drivers/lora/libloramac-node.a(hal_common.c.obj)
                0x000000000000c41e                DelayMsMcu
 .text.RtcMs2Tick
                0x000000000000c440        0x2 zephyr/drivers/lora/libloramac-node.a(hal_common.c.obj)
                0x000000000000c440                RtcMs2Tick
 .text.RtcTick2Ms
                0x000000000000c442        0x2 zephyr/drivers/lora/libloramac-node.a(hal_common.c.obj)
                0x000000000000c442                RtcTick2Ms
 .text.BoardCriticalSectionBegin
                0x000000000000c444       0x14 zephyr/drivers/lora/libloramac-node.a(hal_common.c.obj)
                0x000000000000c444                BoardCriticalSectionBegin
 .text.BoardCriticalSectionEnd
                0x000000000000c458        0xc zephyr/drivers/lora/libloramac-node.a(hal_common.c.obj)
                0x000000000000c458                BoardCriticalSectionEnd
 .text.SX126xGetBoardTcxoWakeupTime
                0x000000000000c464        0x4 zephyr/drivers/lora/libloramac-node.a(sx126x.c.obj)
                0x000000000000c464                SX126xGetBoardTcxoWakeupTime
 .text.SX126xGetDeviceId
                0x000000000000c468        0x4 zephyr/drivers/lora/libloramac-node.a(sx126x.c.obj)
                0x000000000000c468                SX126xGetDeviceId
 .text.SX126xReadRegister
                0x000000000000c46c       0x18 zephyr/drivers/lora/libloramac-node.a(sx126x.c.obj)
                0x000000000000c46c                SX126xReadRegister
 .text.SX126xWriteRegister
                0x000000000000c484       0x18 zephyr/drivers/lora/libloramac-node.a(sx126x.c.obj)
                0x000000000000c484                SX126xWriteRegister
 .text.sx126x_dio1_irq_callback
                0x000000000000c49c       0x14 zephyr/drivers/lora/libloramac-node.a(sx126x_standalone.c.obj)
 .text.TimerSetTimeout
                0x000000000000c4b0       0x2c zephyr/drivers/lora/libloramac-node.a(timer.c.obj)
 .text.TimerInit
                0x000000000000c4dc       0x12 zephyr/drivers/lora/libloramac-node.a(timer.c.obj)
                0x000000000000c4dc                TimerInit
 .text.TimerSetValue
                0x000000000000c4ee       0x22 zephyr/drivers/lora/libloramac-node.a(timer.c.obj)
                0x000000000000c4ee                TimerSetValue
 .text.TimerGetCurrentTime
                0x000000000000c510        0xc zephyr/drivers/lora/libloramac-node.a(timer.c.obj)
                0x000000000000c510                TimerGetCurrentTime
 .text.TimerGetElapsedTime
                0x000000000000c51c       0x20 zephyr/drivers/lora/libloramac-node.a(timer.c.obj)
                0x000000000000c51c                TimerGetElapsedTime
 .text.DelayMs  0x000000000000c53c        0x8 zephyr/drivers/lora/libloramac-node.a(delay.c.obj)
                0x000000000000c53c                DelayMs
 .text.SX126xCheckDeviceReady
                0x000000000000c544       0x1e zephyr/drivers/lora/libloramac-node.a(sx126x.c.obj)
                0x000000000000c544                SX126xCheckDeviceReady
 .text.SX126xSetPayload
                0x000000000000c562        0xe zephyr/drivers/lora/libloramac-node.a(sx126x.c.obj)
                0x000000000000c562                SX126xSetPayload
 .text.SX126xSetSyncWord
                0x000000000000c570       0x12 zephyr/drivers/lora/libloramac-node.a(sx126x.c.obj)
                0x000000000000c570                SX126xSetSyncWord
 .text.SX126xSetStandby
                0x000000000000c582       0x2e zephyr/drivers/lora/libloramac-node.a(sx126x.c.obj)
                0x000000000000c582                SX126xSetStandby
 .text.SX126xSetTx
                0x000000000000c5b0       0x2e zephyr/drivers/lora/libloramac-node.a(sx126x.c.obj)
                0x000000000000c5b0                SX126xSetTx
 .text.SX126xSendPayload
                0x000000000000c5de       0x10 zephyr/drivers/lora/libloramac-node.a(sx126x.c.obj)
                0x000000000000c5de                SX126xSendPayload
 .text.SX126xSetRx
                0x000000000000c5ee       0x38 zephyr/drivers/lora/libloramac-node.a(sx126x.c.obj)
                0x000000000000c5ee                SX126xSetRx
 .text.SX126xGetRandom
                0x000000000000c626       0x6a zephyr/drivers/lora/libloramac-node.a(sx126x.c.obj)
                0x000000000000c626                SX126xGetRandom
 .text.SX126xSetRxBoosted
                0x000000000000c690       0x38 zephyr/drivers/lora/libloramac-node.a(sx126x.c.obj)
                0x000000000000c690                SX126xSetRxBoosted
 .text.SX126xSetRxDutyCycle
                0x000000000000c6c8       0x42 zephyr/drivers/lora/libloramac-node.a(sx126x.c.obj)
                0x000000000000c6c8                SX126xSetRxDutyCycle
 .text.SX126xSetCad
                0x000000000000c70a       0x14 zephyr/drivers/lora/libloramac-node.a(sx126x.c.obj)
                0x000000000000c70a                SX126xSetCad
 .text.SX126xSetTxContinuousWave
                0x000000000000c71e       0x14 zephyr/drivers/lora/libloramac-node.a(sx126x.c.obj)
                0x000000000000c71e                SX126xSetTxContinuousWave
 .text.SX126xSetStopRxTimerOnPreambleDetect
                0x000000000000c732       0x1a zephyr/drivers/lora/libloramac-node.a(sx126x.c.obj)
                0x000000000000c732                SX126xSetStopRxTimerOnPreambleDetect
 .text.SX126xSetLoRaSymbNumTimeout
                0x000000000000c74c       0x5e zephyr/drivers/lora/libloramac-node.a(sx126x.c.obj)
                0x000000000000c74c                SX126xSetLoRaSymbNumTimeout
 .text.SX126xSetRegulatorMode
                0x000000000000c7aa       0x1a zephyr/drivers/lora/libloramac-node.a(sx126x.c.obj)
                0x000000000000c7aa                SX126xSetRegulatorMode
 .text.SX126xSetPaConfig
                0x000000000000c7c4       0x26 zephyr/drivers/lora/libloramac-node.a(sx126x.c.obj)
                0x000000000000c7c4                SX126xSetPaConfig
 .text.SX126xSetDioIrqParams
                0x000000000000c7ea       0x3e zephyr/drivers/lora/libloramac-node.a(sx126x.c.obj)
                0x000000000000c7ea                SX126xSetDioIrqParams
 .text.SX126xGetIrqStatus
                0x000000000000c828       0x20 zephyr/drivers/lora/libloramac-node.a(sx126x.c.obj)
                0x000000000000c828                SX126xGetIrqStatus
 .text.SX126xSetDio2AsRfSwitchCtrl
                0x000000000000c848       0x1a zephyr/drivers/lora/libloramac-node.a(sx126x.c.obj)
                0x000000000000c848                SX126xSetDio2AsRfSwitchCtrl
 .text.SX126xSetCrcSeed
                0x000000000000c862       0x28 zephyr/drivers/lora/libloramac-node.a(sx126x.c.obj)
                0x000000000000c862                SX126xSetCrcSeed
 .text.SX126xSetCrcPolynomial
                0x000000000000c88a       0x28 zephyr/drivers/lora/libloramac-node.a(sx126x.c.obj)
                0x000000000000c88a                SX126xSetCrcPolynomial
 .text.SX126xSetWhiteningSeed
                0x000000000000c8b2       0x32 zephyr/drivers/lora/libloramac-node.a(sx126x.c.obj)
                0x000000000000c8b2                SX126xSetWhiteningSeed
 .text.SX126xSetTxParams
                0x000000000000c8e4       0x8c zephyr/drivers/lora/libloramac-node.a(sx126x.c.obj)
                0x000000000000c8e4                SX126xSetTxParams
 .text.SX126xSetBufferBaseAddress
                0x000000000000c970       0x1c zephyr/drivers/lora/libloramac-node.a(sx126x.c.obj)
                0x000000000000c970                SX126xSetBufferBaseAddress
 .text.SX126xGetRssiInst
                0x000000000000c98c       0x1c zephyr/drivers/lora/libloramac-node.a(sx126x.c.obj)
                0x000000000000c98c                SX126xGetRssiInst
 .text.SX126xGetPayload
                0x000000000000c9a8       0x34 zephyr/drivers/lora/libloramac-node.a(sx126x.c.obj)
                0x000000000000c9a8                SX126xGetPayload
 .text.SX126xClearIrqStatus
                0x000000000000c9dc       0x1e zephyr/drivers/lora/libloramac-node.a(sx126x.c.obj)
                0x000000000000c9dc                SX126xClearIrqStatus
 .text.RadioCheckRfFrequency
                0x000000000000c9fa        0x4 zephyr/drivers/lora/libloramac-node.a(radio.c.obj)
                0x000000000000c9fa                RadioCheckRfFrequency
 .text.RadioGetGfskTimeOnAirNumerator
                0x000000000000c9fe       0x26 zephyr/drivers/lora/libloramac-node.a(radio.c.obj)
 .text.RadioGetLoRaTimeOnAirNumerator
                0x000000000000ca24       0xa6 zephyr/drivers/lora/libloramac-node.a(radio.c.obj)
 .text.RadioStandby
                0x000000000000caca        0xa zephyr/drivers/lora/libloramac-node.a(radio.c.obj)
                0x000000000000caca                RadioStandby
 .text.RadioGetStatus
                0x000000000000cad4       0x22 zephyr/drivers/lora/libloramac-node.a(radio.c.obj)
                0x000000000000cad4                RadioGetStatus
 .text.RadioSetChannel
                0x000000000000caf6        0x8 zephyr/drivers/lora/libloramac-node.a(radio.c.obj)
                0x000000000000caf6                RadioSetChannel
 .text.RadioRead
                0x000000000000cafe        0xa zephyr/drivers/lora/libloramac-node.a(radio.c.obj)
                0x000000000000cafe                RadioRead
 .text.RadioWrite
                0x000000000000cb08        0xa zephyr/drivers/lora/libloramac-node.a(radio.c.obj)
                0x000000000000cb08                RadioWrite
 .text.RadioRandom
                0x000000000000cb12       0x1a zephyr/drivers/lora/libloramac-node.a(radio.c.obj)
                0x000000000000cb12                RadioRandom
 .text.RadioSleep
                0x000000000000cb2c       0x12 zephyr/drivers/lora/libloramac-node.a(radio.c.obj)
                0x000000000000cb2c                RadioSleep
 .text.RadioSetRxDutyCycle
                0x000000000000cb3e        0x8 zephyr/drivers/lora/libloramac-node.a(radio.c.obj)
                0x000000000000cb3e                RadioSetRxDutyCycle
 .text.RadioReadBuffer
                0x000000000000cb46        0xa zephyr/drivers/lora/libloramac-node.a(radio.c.obj)
                0x000000000000cb46                RadioReadBuffer
 .text.RadioWriteBuffer
                0x000000000000cb50        0xa zephyr/drivers/lora/libloramac-node.a(radio.c.obj)
                0x000000000000cb50                RadioWriteBuffer
 .text.RadioStartCad
                0x000000000000cb5a       0x16 zephyr/drivers/lora/libloramac-node.a(radio.c.obj)
                0x000000000000cb5a                RadioStartCad
 .text.RadioRssi
                0x000000000000cb70        0xa zephyr/drivers/lora/libloramac-node.a(radio.c.obj)
                0x000000000000cb70                RadioRssi
 .text.RadioIsChannelFree
                0x000000000000cb7a       0x7e zephyr/drivers/lora/libloramac-node.a(radio.c.obj)
                0x000000000000cb7a                RadioIsChannelFree
 .text.RadioGetWakeupTime
                0x000000000000cbf8        0xa zephyr/drivers/lora/libloramac-node.a(radio.c.obj)
                0x000000000000cbf8                RadioGetWakeupTime
 .text.RadioAddRegisterToRetentionList
                0x000000000000cc02       0x64 zephyr/drivers/lora/libloramac-node.a(radio.c.obj)
                0x000000000000cc02                RadioAddRegisterToRetentionList
 .text.endtx_isr
                0x000000000000cc66       0x32 zephyr/drivers/serial/libdrivers__serial.a(uart_nrfx_uarte.c.obj)
 .text.uarte_nrfx_isr_int
                0x000000000000cc98       0x52 zephyr/drivers/serial/libdrivers__serial.a(uart_nrfx_uarte.c.obj)
 .text.uarte_nrfx_configure
                0x000000000000ccea       0x8e zephyr/drivers/serial/libdrivers__serial.a(uart_nrfx_uarte.c.obj)
 .text.uarte_nrfx_config_get
                0x000000000000cd78       0x12 zephyr/drivers/serial/libdrivers__serial.a(uart_nrfx_uarte.c.obj)
 .text.uarte_nrfx_err_check
                0x000000000000cd8a        0xe zephyr/drivers/serial/libdrivers__serial.a(uart_nrfx_uarte.c.obj)
 .text.is_tx_ready
                0x000000000000cd98       0x28 zephyr/drivers/serial/libdrivers__serial.a(uart_nrfx_uarte.c.obj)
 .text.uarte_enable
                0x000000000000cdc0        0xc zephyr/drivers/serial/libdrivers__serial.a(uart_nrfx_uarte.c.obj)
 .text.tx_start
                0x000000000000cdcc       0x3e zephyr/drivers/serial/libdrivers__serial.a(uart_nrfx_uarte.c.obj)
 .text.uarte_nrfx_poll_in
                0x000000000000ce0a       0x2c zephyr/drivers/serial/libdrivers__serial.a(uart_nrfx_uarte.c.obj)
 .text.wait_tx_ready
                0x000000000000ce36       0x4e zephyr/drivers/serial/libdrivers__serial.a(uart_nrfx_uarte.c.obj)
 .text.uarte_instance_init
                0x000000000000ce84       0xc2 zephyr/drivers/serial/libdrivers__serial.a(uart_nrfx_uarte.c.obj)
 .text.uarte_0_init
                0x000000000000cf46       0x1e zephyr/drivers/serial/libdrivers__serial.a(uart_nrfx_uarte.c.obj)
 .text.sys_clock_idle_exit
                0x000000000000cf64        0x2 zephyr/drivers/timer/libdrivers__timer.a(sys_clock_init.c.obj)
                0x000000000000cf64                sys_clock_idle_exit
 .text.counter_sub
                0x000000000000cf66        0x8 zephyr/drivers/timer/libdrivers__timer.a(nrf_rtc_timer.c.obj)
 .text.event_clear
                0x000000000000cf6e       0x18 zephyr/drivers/timer/libdrivers__timer.a(nrf_rtc_timer.c.obj)
 .text.absolute_time_to_cc
                0x000000000000cf86        0x6 zephyr/drivers/timer/libdrivers__timer.a(nrf_rtc_timer.c.obj)
 .text.full_int_lock
                0x000000000000cf8c       0x12 zephyr/drivers/timer/libdrivers__timer.a(nrf_rtc_timer.c.obj)
 .text.full_int_unlock
                0x000000000000cf9e        0xa zephyr/drivers/timer/libdrivers__timer.a(nrf_rtc_timer.c.obj)
 .text.set_absolute_alarm
                0x000000000000cfa8       0x76 zephyr/drivers/timer/libdrivers__timer.a(nrf_rtc_timer.c.obj)
 .text.compare_set
                0x000000000000d01e       0x32 zephyr/drivers/timer/libdrivers__timer.a(nrf_rtc_timer.c.obj)
 .text.sys_clock_cycle_get_32
                0x000000000000d050        0x8 zephyr/drivers/timer/libdrivers__timer.a(nrf_rtc_timer.c.obj)
                0x000000000000d050                sys_clock_cycle_get_32
 .text.pinctrl_lookup_state
                0x000000000000d058       0x34 zephyr/drivers/pinctrl/libdrivers__pinctrl.a(common.c.obj)
                0x000000000000d058                pinctrl_lookup_state
 .text.nrf_pin_configure
                0x000000000000d08c       0x2c zephyr/drivers/pinctrl/libdrivers__pinctrl.a(pinctrl_nrf.c.obj)
 .text.nrf52_errata_12
                0x000000000000d0b8       0x24 modules/hal_nordic/nrfx/libmodules__hal_nordic__nrfx.a(system_nrf52.c.obj)
 .text.nrf52_errata_16
                0x000000000000d0dc       0x2c modules/hal_nordic/nrfx/libmodules__hal_nordic__nrfx.a(system_nrf52.c.obj)
 .text.nrf52_errata_31
                0x000000000000d108       0x24 modules/hal_nordic/nrfx/libmodules__hal_nordic__nrfx.a(system_nrf52.c.obj)
 .text.nrf52_errata_32
                0x000000000000d12c       0x2c modules/hal_nordic/nrfx/libmodules__hal_nordic__nrfx.a(system_nrf52.c.obj)
 .text.nrf52_errata_36
                0x000000000000d158       0x24 modules/hal_nordic/nrfx/libmodules__hal_nordic__nrfx.a(system_nrf52.c.obj)
 .text.nrf52_errata_37
                0x000000000000d17c       0x2c modules/hal_nordic/nrfx/libmodules__hal_nordic__nrfx.a(system_nrf52.c.obj)
 .text.nrf52_errata_57
                0x000000000000d1a8       0x2c modules/hal_nordic/nrfx/libmodules__hal_nordic__nrfx.a(system_nrf52.c.obj)
 .text.nrf52_errata_66
                0x000000000000d1d4       0x44 modules/hal_nordic/nrfx/libmodules__hal_nordic__nrfx.a(system_nrf52.c.obj)
 .text.nrf52_errata_108
                0x000000000000d218       0x24 modules/hal_nordic/nrfx/libmodules__hal_nordic__nrfx.a(system_nrf52.c.obj)
 .text.nrf52_errata_136
                0x000000000000d23c       0x24 modules/hal_nordic/nrfx/libmodules__hal_nordic__nrfx.a(system_nrf52.c.obj)
 .text.nrf52_errata_182
                0x000000000000d260       0x28 modules/hal_nordic/nrfx/libmodules__hal_nordic__nrfx.a(system_nrf52.c.obj)
 .text.nrf52_configuration_249
                0x000000000000d288       0x28 modules/hal_nordic/nrfx/libmodules__hal_nordic__nrfx.a(system_nrf52.c.obj)
 .text.nrfx_isr
                0x000000000000d2b0        0x6 modules/hal_nordic/nrfx/libmodules__hal_nordic__nrfx.a(nrfx_glue.c.obj)
                0x000000000000d2b0                nrfx_isr
 .text.nrfx_busy_wait
                0x000000000000d2b6        0x8 modules/hal_nordic/nrfx/libmodules__hal_nordic__nrfx.a(nrfx_glue.c.obj)
                0x000000000000d2b6                nrfx_busy_wait
 .text.clock_initial_lfclksrc_get
                0x000000000000d2be        0x4 modules/hal_nordic/nrfx/libmodules__hal_nordic__nrfx.a(nrfx_clock.c.obj)
 .text.clock_lfclksrc_tweak
                0x000000000000d2c2       0x2c modules/hal_nordic/nrfx/libmodules__hal_nordic__nrfx.a(nrfx_clock.c.obj)
 .text.nrfx_clock_enable